2026-04-13 16:07:44,667 [job_hunter.scrapers] INFO: LinkedIn: found 10 jobs for 'Data Scientist'
2026-04-13 16:07:47,082 [job_hunter.scrapers] WARNING: Indeed returned 403 for 'Data Scientist'
2026-04-13 16:07:48,864 [job_hunter.scrapers] INFO: Google Jobs: found 0 jobs for 'Data Scientist'
2026-04-13 16:07:52,575 [job_hunter.scrapers] INFO: LinkedIn: found 10 jobs for 'Machine Learning Engineer'
2026-04-13 16:07:54,478 [job_hunter.scrapers] WARNING: Indeed returned 403 for 'Machine Learning Engineer'
2026-04-13 16:07:57,824 [job_hunter.scrapers] INFO: Google Jobs: found 0 jobs for 'Machine Learning Engineer'
2026-04-13 16:08:00,767 [job_hunter.scrapers] INFO: LinkedIn: found 10 jobs for 'AI ML Engineer'
2026-04-13 16:08:02,895 [job_hunter.scrapers] WARNING: Indeed returned 403 for 'AI ML Engineer'
2026-04-13 16:08:04,872 [job_hunter.scrapers] INFO: Google Jobs: found 0 jobs for 'AI ML Engineer'
2026-04-13 16:08:08,641 [job_hunter.scrapers] INFO: LinkedIn: found 10 jobs for 'Software Development Engineer'
2026-04-13 16:08:11,810 [job_hunter.scrapers] WARNING: Indeed returned 403 for 'Software Development Engineer'
2026-04-13 16:08:13,783 [job_hunter.scrapers] INFO: Google Jobs: found 0 jobs for 'Software Development Engineer'
2026-04-13 16:08:16,984 [job_hunter.scrapers] INFO: RemoteOK: found 10 relevant jobs
2026-04-13 16:08:16,986 [job_hunter.scrapers] INFO: Total unique jobs scraped: 40
2026-04-13 16:08:16,990 [job_hunter.filters] INFO: Filter stats — Total: 40, Role filtered: 0, Sponsorship filtered: 0, Passed: 40
2026-04-13 16:08:17,155 [job_hunter.notifier] INFO: Notified about 40 new jobs
2026-04-15 15:06:49,530 [job_hunter.scrapers] INFO: LinkedIn: found 10 jobs for 'Data Science Intern'
2026-04-15 15:06:52,647 [job_hunter.scrapers] WARNING: Indeed returned 403 for 'Data Science Intern'
2026-04-15 15:06:55,397 [job_hunter.scrapers] INFO: Google Jobs: found 0 jobs for 'Data Science Intern'
2026-04-15 15:07:00,874 [job_hunter.scrapers] INFO: Jobright: found 20 jobs for 'Data Science Intern'
2026-04-15 15:07:04,451 [job_hunter.scrapers] WARNING: Hiring Cafe returned 404 for 'Data Science Intern'
2026-04-15 15:07:06,882 [job_hunter.scrapers] INFO: LinkedIn: found 10 jobs for 'Data Scientist Intern'
2026-04-15 15:07:09,440 [job_hunter.scrapers] WARNING: Indeed returned 403 for 'Data Scientist Intern'
2026-04-15 15:07:12,194 [job_hunter.scrapers] INFO: Google Jobs: found 0 jobs for 'Data Scientist Intern'
2026-04-15 15:07:17,998 [job_hunter.scrapers] INFO: Jobright: found 20 jobs for 'Data Scientist Intern'
2026-04-15 15:07:21,369 [job_hunter.scrapers] WARNING: Hiring Cafe returned 404 for 'Data Scientist Intern'
2026-04-15 15:07:25,046 [job_hunter.scrapers] INFO: LinkedIn: found 10 jobs for 'Machine Learning Intern'
2026-04-15 15:07:26,844 [job_hunter.scrapers] WARNING: Indeed returned 403 for 'Machine Learning Intern'
2026-04-15 15:07:30,294 [job_hunter.scrapers] INFO: Google Jobs: found 0 jobs for 'Machine Learning Intern'
2026-04-15 15:07:35,050 [job_hunter.scrapers] INFO: Jobright: found 20 jobs for 'Machine Learning Intern'
2026-04-15 15:07:37,103 [job_hunter.scrapers] WARNING: Hiring Cafe returned 404 for 'Machine Learning Intern'
2026-04-15 15:07:39,387 [job_hunter.scrapers] INFO: LinkedIn: found 10 jobs for 'ML Engineer Intern'
2026-04-15 15:07:42,111 [job_hunter.scrapers] WARNING: Indeed returned 403 for 'ML Engineer Intern'
2026-04-15 15:07:45,128 [job_hunter.scrapers] INFO: Google Jobs: found 0 jobs for 'ML Engineer Intern'
2026-04-15 15:07:49,901 [job_hunter.scrapers] INFO: Jobright: found 20 jobs for 'ML Engineer Intern'
2026-04-15 15:07:53,477 [job_hunter.scrapers] WARNING: Hiring Cafe returned 404 for 'ML Engineer Intern'
2026-04-15 15:07:57,202 [job_hunter.scrapers] INFO: LinkedIn: found 6 jobs for 'AI ML Intern'
2026-04-15 15:08:00,453 [job_hunter.scrapers] WARNING: Indeed returned 403 for 'AI ML Intern'
2026-04-15 15:08:02,920 [job_hunter.scrapers] INFO: Google Jobs: found 0 jobs for 'AI ML Intern'
2026-04-15 15:08:07,554 [job_hunter.scrapers] INFO: Jobright: found 20 jobs for 'AI ML Intern'
2026-04-15 15:08:09,456 [job_hunter.scrapers] WARNING: Hiring Cafe returned 404 for 'AI ML Intern'
2026-04-15 15:08:12,313 [job_hunter.scrapers] INFO: LinkedIn: found 10 jobs for 'Software Engineer Intern'
2026-04-15 15:08:15,547 [job_hunter.scrapers] WARNING: Indeed returned 403 for 'Software Engineer Intern'
2026-04-15 15:08:19,204 [job_hunter.scrapers] INFO: Google Jobs: found 0 jobs for 'Software Engineer Intern'
2026-04-15 15:08:24,411 [job_hunter.scrapers] INFO: Jobright: found 20 jobs for 'Software Engineer Intern'
2026-04-15 15:08:26,198 [job_hunter.scrapers] WARNING: Hiring Cafe returned 404 for 'Software Engineer Intern'
2026-04-15 15:08:28,536 [job_hunter.scrapers] INFO: LinkedIn: found 10 jobs for 'Software Development Engineer Intern'
2026-04-15 15:08:31,394 [job_hunter.scrapers] WARNING: Indeed returned 403 for 'Software Development Engineer Intern'
2026-04-15 15:08:34,465 [job_hunter.scrapers] INFO: Google Jobs: found 0 jobs for 'Software Development Engineer Intern'
2026-04-15 15:08:38,263 [job_hunter.scrapers] INFO: Jobright: found 20 jobs for 'Software Development Engineer Intern'
2026-04-15 15:08:41,489 [job_hunter.scrapers] WARNING: Hiring Cafe returned 404 for 'Software Development Engineer Intern'
2026-04-15 15:08:44,982 [job_hunter.scrapers] INFO: LinkedIn: found 0 jobs for 'SDE Intern'
2026-04-15 15:08:47,356 [job_hunter.scrapers] WARNING: Indeed returned 403 for 'SDE Intern'
2026-04-15 15:08:49,874 [job_hunter.scrapers] INFO: Google Jobs: found 0 jobs for 'SDE Intern'
2026-04-15 15:08:55,965 [job_hunter.scrapers] INFO: Jobright: found 20 jobs for 'SDE Intern'
2026-04-15 15:08:57,845 [job_hunter.scrapers] WARNING: Hiring Cafe returned 404 for 'SDE Intern'
2026-04-15 15:09:00,178 [job_hunter.scrapers] INFO: LinkedIn: found 10 jobs for 'Data Science Internship Summer 2026'
2026-04-15 15:09:03,705 [job_hunter.scrapers] WARNING: Indeed returned 403 for 'Data Science Internship Summer 2026'
2026-04-15 15:09:05,970 [job_hunter.scrapers] INFO: Google Jobs: found 0 jobs for 'Data Science Internship Summer 2026'
2026-04-15 15:09:10,196 [job_hunter.scrapers] INFO: Jobright: found 20 jobs for 'Data Science Internship Summer 2026'
2026-04-15 15:09:13,792 [job_hunter.scrapers] WARNING: Hiring Cafe returned 404 for 'Data Science Internship Summer 2026'
2026-04-15 15:09:16,770 [job_hunter.scrapers] INFO: LinkedIn: found 10 jobs for 'Machine Learning Internship Fall 2026'
2026-04-15 15:09:19,026 [job_hunter.scrapers] WARNING: Indeed returned 403 for 'Machine Learning Internship Fall 2026'
2026-04-15 15:09:22,490 [job_hunter.scrapers] INFO: Google Jobs: found 0 jobs for 'Machine Learning Internship Fall 2026'
2026-04-15 15:09:28,157 [job_hunter.scrapers] INFO: Jobright: found 20 jobs for 'Machine Learning Internship Fall 2026'
2026-04-15 15:09:29,882 [job_hunter.scrapers] WARNING: Hiring Cafe returned 404 for 'Machine Learning Internship Fall 2026'
2026-04-15 15:09:33,890 [job_hunter.scrapers] INFO: LinkedIn: found 10 jobs for 'Software Engineer Internship Summer 2026'
2026-04-15 15:09:37,143 [job_hunter.scrapers] WARNING: Indeed returned 403 for 'Software Engineer Internship Summer 2026'
2026-04-15 15:09:39,512 [job_hunter.scrapers] INFO: Google Jobs: found 0 jobs for 'Software Engineer Internship Summer 2026'
2026-04-15 15:09:45,092 [job_hunter.scrapers] INFO: Jobright: found 20 jobs for 'Software Engineer Internship Summer 2026'
2026-04-15 15:09:47,092 [job_hunter.scrapers] WARNING: Hiring Cafe returned 404 for 'Software Engineer Internship Summer 2026'
2026-04-15 15:09:49,858 [job_hunter.scrapers] INFO: LinkedIn: found 10 jobs for 'AI Engineer Internship'
2026-04-15 15:09:52,081 [job_hunter.scrapers] WARNING: Indeed returned 403 for 'AI Engineer Internship'
2026-04-15 15:09:55,226 [job_hunter.scrapers] INFO: Google Jobs: found 0 jobs for 'AI Engineer Internship'
2026-04-15 15:09:59,599 [job_hunter.scrapers] INFO: Jobright: found 20 jobs for 'AI Engineer Internship'
2026-04-15 15:10:01,781 [job_hunter.scrapers] WARNING: Hiring Cafe returned 404 for 'AI Engineer Internship'
2026-04-15 15:10:05,335 [job_hunter.scrapers] INFO: LinkedIn: found 0 jobs for 'Data Scientist New Grad'
2026-04-15 15:10:07,572 [job_hunter.scrapers] WARNING: Indeed returned 403 for 'Data Scientist New Grad'
2026-04-15 15:10:10,720 [job_hunter.scrapers] INFO: Google Jobs: found 0 jobs for 'Data Scientist New Grad'
2026-04-15 15:10:18,320 [job_hunter.scrapers] INFO: Jobright: found 20 jobs for 'Data Scientist New Grad'
2026-04-15 15:10:20,436 [job_hunter.scrapers] WARNING: Hiring Cafe returned 404 for 'Data Scientist New Grad'
2026-04-15 15:10:23,822 [job_hunter.scrapers] WARNING: LinkedIn returned 429 for 'Machine Learning Engineer New Grad'
2026-04-15 15:10:25,515 [job_hunter.scrapers] WARNING: Indeed returned 403 for 'Machine Learning Engineer New Grad'
2026-04-15 15:10:28,071 [job_hunter.scrapers] INFO: Google Jobs: found 0 jobs for 'Machine Learning Engineer New Grad'
2026-04-15 15:10:33,424 [job_hunter.scrapers] INFO: Jobright: found 20 jobs for 'Machine Learning Engineer New Grad'
2026-04-15 15:10:36,619 [job_hunter.scrapers] WARNING: Hiring Cafe returned 404 for 'Machine Learning Engineer New Grad'
2026-04-15 15:10:38,496 [job_hunter.scrapers] INFO: LinkedIn: found 0 jobs for 'Software Engineer New Grad Entry Level'
2026-04-15 15:10:41,144 [job_hunter.scrapers] WARNING: Indeed returned 403 for 'Software Engineer New Grad Entry Level'
2026-04-15 15:10:42,950 [job_hunter.scrapers] INFO: Google Jobs: found 0 jobs for 'Software Engineer New Grad Entry Level'
2026-04-15 15:10:48,058 [job_hunter.scrapers] INFO: Jobright: found 20 jobs for 'Software Engineer New Grad Entry Level'
2026-04-15 15:10:50,724 [job_hunter.scrapers] WARNING: Hiring Cafe returned 404 for 'Software Engineer New Grad Entry Level'
2026-04-15 15:10:52,504 [job_hunter.scrapers] INFO: RemoteOK: found 11 relevant jobs
2026-04-15 15:10:52,506 [job_hunter.scrapers] INFO: Total unique jobs scraped: 85
2026-04-15 15:10:52,513 [job_hunter.filters] INFO: Filter stats — Total: 85, Role filtered: 20, Seniority filtered: 9, Sponsorship filtered: 0, Passed: 56
2026-04-15 15:10:52,734 [job_hunter.notifier] INFO: Notified about 56 new jobs
2026-04-16 12:15:53,197 [job_hunter.scrapers] INFO: LinkedIn: found 10 jobs for 'Data Science Intern'
2026-04-16 12:15:56,751 [job_hunter.scrapers] WARNING: Indeed returned 403 for 'Data Science Intern'
2026-04-16 12:15:58,661 [job_hunter.scrapers] INFO: Google Jobs: found 0 jobs for 'Data Science Intern'
2026-04-16 12:16:04,743 [job_hunter.scrapers] INFO: Jobright: found 20 jobs for 'Data Science Intern'
2026-04-16 12:16:07,056 [job_hunter.scrapers] WARNING: Hiring Cafe returned 404 for 'Data Science Intern'
2026-04-16 12:16:10,003 [job_hunter.scrapers] INFO: LinkedIn: found 10 jobs for 'Data Scientist Intern'
2026-04-16 12:16:13,193 [job_hunter.scrapers] WARNING: Indeed returned 403 for 'Data Scientist Intern'
2026-04-16 12:16:15,842 [job_hunter.scrapers] INFO: Google Jobs: found 0 jobs for 'Data Scientist Intern'
2026-04-16 12:16:19,661 [job_hunter.scrapers] INFO: Jobright: found 20 jobs for 'Data Scientist Intern'
2026-04-16 12:16:22,503 [job_hunter.scrapers] WARNING: Hiring Cafe returned 404 for 'Data Scientist Intern'
2026-04-16 12:16:25,480 [job_hunter.scrapers] INFO: LinkedIn: found 10 jobs for 'Machine Learning Intern'
2026-04-16 12:16:27,393 [job_hunter.scrapers] WARNING: Indeed returned 403 for 'Machine Learning Intern'
2026-04-16 12:16:29,657 [job_hunter.scrapers] INFO: Google Jobs: found 0 jobs for 'Machine Learning Intern'
2026-04-16 12:16:33,967 [job_hunter.scrapers] INFO: Jobright: found 20 jobs for 'Machine Learning Intern'
2026-04-16 12:16:36,411 [job_hunter.scrapers] WARNING: Hiring Cafe returned 404 for 'Machine Learning Intern'
2026-04-16 12:16:39,365 [job_hunter.scrapers] INFO: LinkedIn: found 10 jobs for 'ML Engineer Intern'
2026-04-16 12:16:42,728 [job_hunter.scrapers] WARNING: Indeed returned 403 for 'ML Engineer Intern'
2026-04-16 12:16:45,118 [job_hunter.scrapers] INFO: Google Jobs: found 0 jobs for 'ML Engineer Intern'
2026-04-16 12:16:50,005 [job_hunter.scrapers] INFO: Jobright: found 20 jobs for 'ML Engineer Intern'
2026-04-16 12:16:53,375 [job_hunter.scrapers] WARNING: Hiring Cafe returned 404 for 'ML Engineer Intern'
2026-04-16 12:16:56,503 [job_hunter.scrapers] INFO: LinkedIn: found 7 jobs for 'AI ML Intern'
2026-04-16 12:17:00,021 [job_hunter.scrapers] WARNING: Indeed returned 403 for 'AI ML Intern'
2026-04-16 12:17:02,902 [job_hunter.scrapers] INFO: Google Jobs: found 0 jobs for 'AI ML Intern'
2026-04-16 12:17:07,988 [job_hunter.scrapers] INFO: Jobright: found 20 jobs for 'AI ML Intern'
2026-04-16 12:17:26,042 [job_hunter.scrapers] ERROR: Hiring Cafe scraper error for 'AI ML Intern': HTTPSConnectionPool(host='hiring.cafe', port=443): Read timed out. (read timeout=15)
2026-04-16 12:17:28,787 [job_hunter.scrapers] INFO: LinkedIn: found 10 jobs for 'Software Engineer Intern'
2026-04-16 12:17:31,099 [job_hunter.scrapers] WARNING: Indeed returned 403 for 'Software Engineer Intern'
2026-04-16 12:17:34,489 [job_hunter.scrapers] INFO: Google Jobs: found 0 jobs for 'Software Engineer Intern'
2026-04-16 12:17:39,677 [job_hunter.scrapers] INFO: Jobright: found 20 jobs for 'Software Engineer Intern'
2026-04-16 12:17:43,211 [job_hunter.scrapers] WARNING: Hiring Cafe returned 404 for 'Software Engineer Intern'
2026-04-16 12:17:46,522 [job_hunter.scrapers] INFO: LinkedIn: found 10 jobs for 'Software Development Engineer Intern'
2026-04-16 12:17:49,468 [job_hunter.scrapers] WARNING: Indeed returned 403 for 'Software Development Engineer Intern'
2026-04-16 12:17:52,605 [job_hunter.scrapers] INFO: Google Jobs: found 0 jobs for 'Software Development Engineer Intern'
2026-04-16 12:17:57,885 [job_hunter.scrapers] INFO: Jobright: found 20 jobs for 'Software Development Engineer Intern'
2026-04-16 12:18:00,372 [job_hunter.scrapers] WARNING: Hiring Cafe returned 404 for 'Software Development Engineer Intern'
2026-04-16 12:18:03,518 [job_hunter.scrapers] INFO: LinkedIn: found 1 jobs for 'SDE Intern'
2026-04-16 12:18:05,812 [job_hunter.scrapers] WARNING: Indeed returned 403 for 'SDE Intern'
2026-04-16 12:18:07,683 [job_hunter.scrapers] INFO: Google Jobs: found 0 jobs for 'SDE Intern'
2026-04-16 12:18:13,864 [job_hunter.scrapers] INFO: Jobright: found 20 jobs for 'SDE Intern'
2026-04-16 12:18:15,828 [job_hunter.scrapers] WARNING: Hiring Cafe returned 404 for 'SDE Intern'
2026-04-16 12:18:19,929 [job_hunter.scrapers] INFO: LinkedIn: found 10 jobs for 'Data Science Internship Summer 2026'
2026-04-16 12:18:22,473 [job_hunter.scrapers] WARNING: Indeed returned 403 for 'Data Science Internship Summer 2026'
2026-04-16 12:18:24,322 [job_hunter.scrapers] INFO: Google Jobs: found 0 jobs for 'Data Science Internship Summer 2026'
2026-04-16 12:18:28,381 [job_hunter.scrapers] INFO: Jobright: found 20 jobs for 'Data Science Internship Summer 2026'
2026-04-16 12:18:30,936 [job_hunter.scrapers] WARNING: Hiring Cafe returned 404 for 'Data Science Internship Summer 2026'
2026-04-16 12:18:34,363 [job_hunter.scrapers] INFO: LinkedIn: found 10 jobs for 'Machine Learning Internship Fall 2026'
2026-04-16 12:18:36,704 [job_hunter.scrapers] WARNING: Indeed returned 403 for 'Machine Learning Internship Fall 2026'
2026-04-16 12:18:38,799 [job_hunter.scrapers] INFO: Google Jobs: found 0 jobs for 'Machine Learning Internship Fall 2026'
2026-04-16 12:18:43,035 [job_hunter.scrapers] INFO: Jobright: found 20 jobs for 'Machine Learning Internship Fall 2026'
2026-04-16 12:18:45,039 [job_hunter.scrapers] WARNING: Hiring Cafe returned 404 for 'Machine Learning Internship Fall 2026'
2026-04-16 12:18:47,696 [job_hunter.scrapers] INFO: LinkedIn: found 10 jobs for 'Software Engineer Internship Summer 2026'
2026-04-16 12:18:51,146 [job_hunter.scrapers] WARNING: Indeed returned 403 for 'Software Engineer Internship Summer 2026'
2026-04-16 12:18:54,024 [job_hunter.scrapers] INFO: Google Jobs: found 0 jobs for 'Software Engineer Internship Summer 2026'
2026-04-16 12:18:59,149 [job_hunter.scrapers] INFO: Jobright: found 20 jobs for 'Software Engineer Internship Summer 2026'
2026-04-16 12:19:01,918 [job_hunter.scrapers] WARNING: Hiring Cafe returned 404 for 'Software Engineer Internship Summer 2026'
2026-04-16 12:19:05,391 [job_hunter.scrapers] INFO: LinkedIn: found 10 jobs for 'AI Engineer Internship'
2026-04-16 12:19:08,685 [job_hunter.scrapers] WARNING: Indeed returned 403 for 'AI Engineer Internship'
2026-04-16 12:19:10,953 [job_hunter.scrapers] INFO: Google Jobs: found 0 jobs for 'AI Engineer Internship'
2026-04-16 12:19:18,319 [job_hunter.scrapers] INFO: Jobright: found 20 jobs for 'AI Engineer Internship'
2026-04-16 12:19:21,216 [job_hunter.scrapers] WARNING: Hiring Cafe returned 404 for 'AI Engineer Internship'
2026-04-16 12:19:24,313 [job_hunter.scrapers] INFO: LinkedIn: found 9 jobs for 'Data Scientist Entry Level'
2026-04-16 12:19:27,288 [job_hunter.scrapers] WARNING: Indeed returned 403 for 'Data Scientist Entry Level'
2026-04-16 12:19:29,688 [job_hunter.scrapers] INFO: Google Jobs: found 0 jobs for 'Data Scientist Entry Level'
2026-04-16 12:19:34,488 [job_hunter.scrapers] INFO: Jobright: found 20 jobs for 'Data Scientist Entry Level'
2026-04-16 12:19:37,633 [job_hunter.scrapers] WARNING: Hiring Cafe returned 404 for 'Data Scientist Entry Level'
2026-04-16 12:19:40,044 [job_hunter.scrapers] INFO: LinkedIn: found 8 jobs for 'Data Scientist New Grad'
2026-04-16 12:19:41,884 [job_hunter.scrapers] WARNING: Indeed returned 403 for 'Data Scientist New Grad'
2026-04-16 12:19:45,029 [job_hunter.scrapers] INFO: Google Jobs: found 0 jobs for 'Data Scientist New Grad'
2026-04-16 12:19:50,374 [job_hunter.scrapers] INFO: Jobright: found 20 jobs for 'Data Scientist New Grad'
2026-04-16 12:19:52,679 [job_hunter.scrapers] WARNING: Hiring Cafe returned 404 for 'Data Scientist New Grad'
2026-04-16 12:19:56,186 [job_hunter.scrapers] INFO: LinkedIn: found 10 jobs for 'Data Scientist Junior'
2026-04-16 12:19:57,916 [job_hunter.scrapers] WARNING: Indeed returned 403 for 'Data Scientist Junior'
2026-04-16 12:20:00,873 [job_hunter.scrapers] INFO: Google Jobs: found 0 jobs for 'Data Scientist Junior'
2026-04-16 12:20:05,976 [job_hunter.scrapers] INFO: Jobright: found 20 jobs for 'Data Scientist Junior'
2026-04-16 12:20:08,634 [job_hunter.scrapers] WARNING: Hiring Cafe returned 404 for 'Data Scientist Junior'
2026-04-16 12:20:11,899 [job_hunter.scrapers] INFO: LinkedIn: found 10 jobs for 'Machine Learning Engineer Entry Level'
2026-04-16 12:20:15,403 [job_hunter.scrapers] WARNING: Indeed returned 403 for 'Machine Learning Engineer Entry Level'
2026-04-16 12:20:18,361 [job_hunter.scrapers] INFO: Google Jobs: found 0 jobs for 'Machine Learning Engineer Entry Level'
2026-04-16 12:20:23,417 [job_hunter.scrapers] INFO: Jobright: found 20 jobs for 'Machine Learning Engineer Entry Level'
2026-04-16 12:20:26,180 [job_hunter.scrapers] WARNING: Hiring Cafe returned 404 for 'Machine Learning Engineer Entry Level'
2026-04-16 12:20:28,386 [job_hunter.scrapers] INFO: LinkedIn: found 6 jobs for 'Machine Learning Engineer New Grad'
2026-04-16 12:20:30,500 [job_hunter.scrapers] WARNING: Indeed returned 403 for 'Machine Learning Engineer New Grad'
2026-04-16 12:20:32,624 [job_hunter.scrapers] INFO: Google Jobs: found 0 jobs for 'Machine Learning Engineer New Grad'
2026-04-16 12:20:37,792 [job_hunter.scrapers] INFO: Jobright: found 20 jobs for 'Machine Learning Engineer New Grad'
2026-04-16 12:20:40,920 [job_hunter.scrapers] WARNING: Hiring Cafe returned 404 for 'Machine Learning Engineer New Grad'
2026-04-16 12:20:43,822 [job_hunter.scrapers] INFO: LinkedIn: found 10 jobs for 'ML Engineer Junior'
2026-04-16 12:20:46,438 [job_hunter.scrapers] WARNING: Indeed returned 403 for 'ML Engineer Junior'
2026-04-16 12:20:49,326 [job_hunter.scrapers] INFO: Google Jobs: found 0 jobs for 'ML Engineer Junior'
2026-04-16 12:20:54,158 [job_hunter.scrapers] INFO: Jobright: found 20 jobs for 'ML Engineer Junior'
2026-04-16 12:20:56,601 [job_hunter.scrapers] WARNING: Hiring Cafe returned 404 for 'ML Engineer Junior'
2026-04-16 12:20:59,939 [job_hunter.scrapers] INFO: LinkedIn: found 10 jobs for 'AI Engineer Entry Level'
2026-04-16 12:21:02,132 [job_hunter.scrapers] WARNING: Indeed returned 403 for 'AI Engineer Entry Level'
2026-04-16 12:21:04,736 [job_hunter.scrapers] INFO: Google Jobs: found 0 jobs for 'AI Engineer Entry Level'
2026-04-16 12:21:08,963 [job_hunter.scrapers] INFO: Jobright: found 20 jobs for 'AI Engineer Entry Level'
2026-04-16 12:21:11,132 [job_hunter.scrapers] WARNING: Hiring Cafe returned 404 for 'AI Engineer Entry Level'
2026-04-16 12:21:15,572 [job_hunter.scrapers] INFO: LinkedIn: found 10 jobs for 'AI ML Engineer New Grad'
2026-04-16 12:21:18,811 [job_hunter.scrapers] WARNING: Indeed returned 403 for 'AI ML Engineer New Grad'
2026-04-16 12:21:21,175 [job_hunter.scrapers] INFO: Google Jobs: found 0 jobs for 'AI ML Engineer New Grad'
2026-04-16 12:21:25,660 [job_hunter.scrapers] INFO: Jobright: found 20 jobs for 'AI ML Engineer New Grad'
2026-04-16 12:21:28,850 [job_hunter.scrapers] WARNING: Hiring Cafe returned 404 for 'AI ML Engineer New Grad'
2026-04-16 12:21:31,414 [job_hunter.scrapers] INFO: LinkedIn: found 5 jobs for 'Software Engineer New Grad'
2026-04-16 12:21:33,359 [job_hunter.scrapers] WARNING: Indeed returned 403 for 'Software Engineer New Grad'
2026-04-16 12:21:35,634 [job_hunter.scrapers] INFO: Google Jobs: found 0 jobs for 'Software Engineer New Grad'
2026-04-16 12:21:40,536 [job_hunter.scrapers] INFO: Jobright: found 20 jobs for 'Software Engineer New Grad'
2026-04-16 12:21:58,552 [job_hunter.scrapers] ERROR: Hiring Cafe scraper error for 'Software Engineer New Grad': HTTPSConnectionPool(host='hiring.cafe', port=443): Read timed out. (read timeout=15)
2026-04-16 12:22:02,605 [job_hunter.scrapers] INFO: LinkedIn: found 10 jobs for 'Software Engineer Entry Level'
2026-04-16 12:22:04,477 [job_hunter.scrapers] WARNING: Indeed returned 403 for 'Software Engineer Entry Level'
2026-04-16 12:22:06,607 [job_hunter.scrapers] INFO: Google Jobs: found 0 jobs for 'Software Engineer Entry Level'
2026-04-16 12:22:10,969 [job_hunter.scrapers] INFO: Jobright: found 20 jobs for 'Software Engineer Entry Level'
2026-04-16 12:22:13,239 [job_hunter.scrapers] WARNING: Hiring Cafe returned 404 for 'Software Engineer Entry Level'
2026-04-16 12:22:15,972 [job_hunter.scrapers] INFO: LinkedIn: found 10 jobs for 'Software Development Engineer New Grad'
2026-04-16 12:22:18,952 [job_hunter.scrapers] WARNING: Indeed returned 403 for 'Software Development Engineer New Grad'
2026-04-16 12:22:22,466 [job_hunter.scrapers] INFO: Google Jobs: found 0 jobs for 'Software Development Engineer New Grad'
2026-04-16 12:22:27,715 [job_hunter.scrapers] INFO: Jobright: found 20 jobs for 'Software Development Engineer New Grad'
2026-04-16 12:22:30,967 [job_hunter.scrapers] WARNING: Hiring Cafe returned 404 for 'Software Development Engineer New Grad'
2026-04-16 12:22:34,963 [job_hunter.scrapers] INFO: LinkedIn: found 10 jobs for 'SDE New Grad'
2026-04-16 12:22:37,141 [job_hunter.scrapers] WARNING: Indeed returned 403 for 'SDE New Grad'
2026-04-16 12:22:40,219 [job_hunter.scrapers] INFO: Google Jobs: found 0 jobs for 'SDE New Grad'
2026-04-16 12:22:45,050 [job_hunter.scrapers] INFO: Jobright: found 20 jobs for 'SDE New Grad'
2026-04-16 12:22:47,284 [job_hunter.scrapers] WARNING: Hiring Cafe returned 404 for 'SDE New Grad'
2026-04-16 12:22:51,324 [job_hunter.scrapers] INFO: LinkedIn: found 10 jobs for 'Data Scientist visa sponsorship'
2026-04-16 12:22:53,359 [job_hunter.scrapers] WARNING: Indeed returned 403 for 'Data Scientist visa sponsorship'
2026-04-16 12:22:56,014 [job_hunter.scrapers] INFO: Google Jobs: found 0 jobs for 'Data Scientist visa sponsorship'
2026-04-16 12:23:02,947 [job_hunter.scrapers] INFO: Jobright: found 20 jobs for 'Data Scientist visa sponsorship'
2026-04-16 12:23:06,400 [job_hunter.scrapers] WARNING: Hiring Cafe returned 404 for 'Data Scientist visa sponsorship'
2026-04-16 12:23:10,441 [job_hunter.scrapers] INFO: LinkedIn: found 10 jobs for 'Machine Learning Engineer visa sponsorship'
2026-04-16 12:23:12,503 [job_hunter.scrapers] WARNING: Indeed returned 403 for 'Machine Learning Engineer visa sponsorship'
2026-04-16 12:23:15,336 [job_hunter.scrapers] INFO: Google Jobs: found 0 jobs for 'Machine Learning Engineer visa sponsorship'
2026-04-16 12:23:20,479 [job_hunter.scrapers] INFO: Jobright: found 20 jobs for 'Machine Learning Engineer visa sponsorship'
2026-04-16 12:23:22,795 [job_hunter.scrapers] WARNING: Hiring Cafe returned 404 for 'Machine Learning Engineer visa sponsorship'
2026-04-16 12:23:26,392 [job_hunter.scrapers] INFO: LinkedIn: found 7 jobs for 'AI Engineer visa sponsorship'
2026-04-16 12:23:29,431 [job_hunter.scrapers] WARNING: Indeed returned 403 for 'AI Engineer visa sponsorship'
2026-04-16 12:23:31,423 [job_hunter.scrapers] INFO: Google Jobs: found 0 jobs for 'AI Engineer visa sponsorship'
2026-04-16 12:23:36,946 [job_hunter.scrapers] INFO: Jobright: found 20 jobs for 'AI Engineer visa sponsorship'
2026-04-16 12:23:39,695 [job_hunter.scrapers] WARNING: Hiring Cafe returned 404 for 'AI Engineer visa sponsorship'
2026-04-16 12:23:43,186 [job_hunter.scrapers] INFO: LinkedIn: found 10 jobs for 'Software Engineer visa sponsorship entry level'
2026-04-16 12:23:45,745 [job_hunter.scrapers] WARNING: Indeed returned 403 for 'Software Engineer visa sponsorship entry level'
2026-04-16 12:23:47,675 [job_hunter.scrapers] INFO: Google Jobs: found 0 jobs for 'Software Engineer visa sponsorship entry level'
2026-04-16 12:23:53,656 [job_hunter.scrapers] INFO: Jobright: found 20 jobs for 'Software Engineer visa sponsorship entry level'
2026-04-16 12:23:55,533 [job_hunter.scrapers] WARNING: Hiring Cafe returned 404 for 'Software Engineer visa sponsorship entry level'
2026-04-16 12:23:58,565 [job_hunter.scrapers] INFO: RemoteOK: found 12 relevant jobs
2026-04-16 12:23:58,567 [job_hunter.scrapers] INFO: Total unique jobs scraped: 178
2026-04-16 12:23:58,576 [job_hunter.filters] INFO: Filter stats — Total: 178, Role filtered: 43, Seniority filtered: 13, Sponsorship filtered: 0, Passed: 122
2026-04-16 12:23:58,773 [job_hunter.notifier] INFO: Notified about 122 new jobs
2026-04-16 13:58:15,063 [job_hunter.scrapers] INFO: LinkedIn: found 10 jobs for 'Data Science Intern'
2026-04-16 13:58:21,825 [job_hunter.scrapers] INFO: Jobright: found 20 jobs for 'Data Science Intern'
2026-04-16 13:58:24,638 [job_hunter.scrapers] WARNING: Wellfound returned 403 for 'Data Science Intern'
2026-04-16 13:58:27,116 [job_hunter.scrapers] INFO: MyVisaJobs: found 0 jobs for 'Data Science Intern'
2026-04-16 13:58:30,031 [job_hunter.scrapers] INFO: LinkedIn: found 10 jobs for 'Data Scientist Intern'
2026-04-16 13:58:35,156 [job_hunter.scrapers] INFO: Jobright: found 20 jobs for 'Data Scientist Intern'
2026-04-16 13:58:36,949 [job_hunter.scrapers] WARNING: Wellfound returned 403 for 'Data Scientist Intern'
2026-04-16 13:58:38,935 [job_hunter.scrapers] INFO: MyVisaJobs: found 0 jobs for 'Data Scientist Intern'
2026-04-16 13:58:42,147 [job_hunter.scrapers] INFO: LinkedIn: found 10 jobs for 'Machine Learning Intern'
2026-04-16 13:58:48,166 [job_hunter.scrapers] INFO: Jobright: found 20 jobs for 'Machine Learning Intern'
2026-04-16 13:58:50,239 [job_hunter.scrapers] WARNING: Wellfound returned 403 for 'Machine Learning Intern'
2026-04-16 13:58:53,401 [job_hunter.scrapers] INFO: MyVisaJobs: found 0 jobs for 'Machine Learning Intern'
2026-04-16 13:58:55,669 [job_hunter.scrapers] INFO: LinkedIn: found 10 jobs for 'ML Engineer Intern'
2026-04-16 13:59:00,653 [job_hunter.scrapers] INFO: Jobright: found 20 jobs for 'ML Engineer Intern'
2026-04-16 13:59:03,149 [job_hunter.scrapers] WARNING: Wellfound returned 403 for 'ML Engineer Intern'
2026-04-16 13:59:06,265 [job_hunter.scrapers] INFO: MyVisaJobs: found 0 jobs for 'ML Engineer Intern'
2026-04-16 13:59:09,461 [job_hunter.scrapers] INFO: LinkedIn: found 8 jobs for 'AI ML Intern'
2026-04-16 13:59:15,132 [job_hunter.scrapers] INFO: Jobright: found 20 jobs for 'AI ML Intern'
2026-04-16 13:59:17,093 [job_hunter.scrapers] WARNING: Wellfound returned 403 for 'AI ML Intern'
2026-04-16 13:59:20,001 [job_hunter.scrapers] INFO: MyVisaJobs: found 0 jobs for 'AI ML Intern'
2026-04-16 13:59:22,355 [job_hunter.scrapers] INFO: LinkedIn: found 10 jobs for 'Software Engineer Intern'
2026-04-16 13:59:27,042 [job_hunter.scrapers] INFO: Jobright: found 20 jobs for 'Software Engineer Intern'
2026-04-16 13:59:29,838 [job_hunter.scrapers] WARNING: Wellfound returned 403 for 'Software Engineer Intern'
2026-04-16 13:59:31,987 [job_hunter.scrapers] INFO: MyVisaJobs: found 0 jobs for 'Software Engineer Intern'
2026-04-16 13:59:34,987 [job_hunter.scrapers] INFO: LinkedIn: found 10 jobs for 'Software Development Engineer Intern'
2026-04-16 13:59:39,125 [job_hunter.scrapers] INFO: Jobright: found 20 jobs for 'Software Development Engineer Intern'
2026-04-16 13:59:42,178 [job_hunter.scrapers] WARNING: Wellfound returned 403 for 'Software Development Engineer Intern'
2026-04-16 13:59:44,074 [job_hunter.scrapers] INFO: MyVisaJobs: found 0 jobs for 'Software Development Engineer Intern'
2026-04-16 13:59:46,474 [job_hunter.scrapers] INFO: LinkedIn: found 1 jobs for 'SDE Intern'
2026-04-16 13:59:52,322 [job_hunter.scrapers] INFO: Jobright: found 20 jobs for 'SDE Intern'
2026-04-16 13:59:54,571 [job_hunter.scrapers] WARNING: Wellfound returned 403 for 'SDE Intern'
2026-04-16 13:59:57,553 [job_hunter.scrapers] INFO: MyVisaJobs: found 0 jobs for 'SDE Intern'
2026-04-16 14:00:00,539 [job_hunter.scrapers] INFO: LinkedIn: found 10 jobs for 'Data Science Internship Summer 2026'
2026-04-16 14:00:05,663 [job_hunter.scrapers] INFO: Jobright: found 20 jobs for 'Data Science Internship Summer 2026'
2026-04-16 14:00:07,416 [job_hunter.scrapers] WARNING: Wellfound returned 403 for 'Data Science Internship Summer 2026'
2026-04-16 14:00:09,385 [job_hunter.scrapers] INFO: MyVisaJobs: found 0 jobs for 'Data Science Internship Summer 2026'
2026-04-16 14:00:13,264 [job_hunter.scrapers] INFO: LinkedIn: found 10 jobs for 'Machine Learning Internship Fall 2026'
2026-04-16 14:00:18,914 [job_hunter.scrapers] INFO: Jobright: found 20 jobs for 'Machine Learning Internship Fall 2026'
2026-04-16 14:00:21,570 [job_hunter.scrapers] WARNING: Wellfound returned 403 for 'Machine Learning Internship Fall 2026'
2026-04-16 14:00:24,632 [job_hunter.scrapers] INFO: MyVisaJobs: found 0 jobs for 'Machine Learning Internship Fall 2026'
2026-04-16 14:00:26,854 [job_hunter.scrapers] INFO: LinkedIn: found 10 jobs for 'Software Engineer Internship Summer 2026'
2026-04-16 14:00:33,160 [job_hunter.scrapers] INFO: Jobright: found 20 jobs for 'Software Engineer Internship Summer 2026'
2026-04-16 14:00:34,992 [job_hunter.scrapers] WARNING: Wellfound returned 403 for 'Software Engineer Internship Summer 2026'
2026-04-16 14:00:37,645 [job_hunter.scrapers] INFO: MyVisaJobs: found 0 jobs for 'Software Engineer Internship Summer 2026'
2026-04-16 14:00:41,195 [job_hunter.scrapers] INFO: LinkedIn: found 10 jobs for 'AI Engineer Internship'
2026-04-16 14:00:45,973 [job_hunter.scrapers] INFO: Jobright: found 20 jobs for 'AI Engineer Internship'
2026-04-16 14:00:48,669 [job_hunter.scrapers] WARNING: Wellfound returned 403 for 'AI Engineer Internship'
2026-04-16 14:00:50,886 [job_hunter.scrapers] INFO: MyVisaJobs: found 0 jobs for 'AI Engineer Internship'
2026-04-16 14:00:53,910 [job_hunter.scrapers] INFO: LinkedIn: found 9 jobs for 'Data Scientist Entry Level'
2026-04-16 14:00:57,806 [job_hunter.scrapers] INFO: Jobright: found 20 jobs for 'Data Scientist Entry Level'
2026-04-16 14:01:00,394 [job_hunter.scrapers] WARNING: Wellfound returned 403 for 'Data Scientist Entry Level'
2026-04-16 14:01:02,698 [job_hunter.scrapers] INFO: MyVisaJobs: found 0 jobs for 'Data Scientist Entry Level'
2026-04-16 14:01:05,513 [job_hunter.scrapers] INFO: LinkedIn: found 10 jobs for 'Data Scientist New Grad'
2026-04-16 14:01:10,428 [job_hunter.scrapers] INFO: Jobright: found 20 jobs for 'Data Scientist New Grad'
2026-04-16 14:01:12,818 [job_hunter.scrapers] WARNING: Wellfound returned 403 for 'Data Scientist New Grad'
2026-04-16 14:01:15,806 [job_hunter.scrapers] INFO: MyVisaJobs: found 0 jobs for 'Data Scientist New Grad'
2026-04-16 14:01:19,407 [job_hunter.scrapers] INFO: LinkedIn: found 10 jobs for 'Data Scientist Junior'
2026-04-16 14:01:23,511 [job_hunter.scrapers] INFO: Jobright: found 20 jobs for 'Data Scientist Junior'
2026-04-16 14:01:25,337 [job_hunter.scrapers] WARNING: Wellfound returned 403 for 'Data Scientist Junior'
2026-04-16 14:01:28,392 [job_hunter.scrapers] INFO: MyVisaJobs: found 0 jobs for 'Data Scientist Junior'
2026-04-16 14:01:31,242 [job_hunter.scrapers] INFO: LinkedIn: found 10 jobs for 'Machine Learning Engineer Entry Level'
2026-04-16 14:01:36,734 [job_hunter.scrapers] INFO: Jobright: found 20 jobs for 'Machine Learning Engineer Entry Level'
2026-04-16 14:01:38,608 [job_hunter.scrapers] WARNING: Wellfound returned 403 for 'Machine Learning Engineer Entry Level'
2026-04-16 14:01:41,241 [job_hunter.scrapers] INFO: MyVisaJobs: found 0 jobs for 'Machine Learning Engineer Entry Level'
2026-04-16 14:01:43,721 [job_hunter.scrapers] INFO: LinkedIn: found 6 jobs for 'Machine Learning Engineer New Grad'
2026-04-16 14:01:51,640 [job_hunter.scrapers] INFO: Jobright: found 20 jobs for 'Machine Learning Engineer New Grad'
2026-04-16 14:01:54,432 [job_hunter.scrapers] WARNING: Wellfound returned 403 for 'Machine Learning Engineer New Grad'
2026-04-16 14:01:57,464 [job_hunter.scrapers] INFO: MyVisaJobs: found 0 jobs for 'Machine Learning Engineer New Grad'
2026-04-16 14:01:59,904 [job_hunter.scrapers] INFO: LinkedIn: found 10 jobs for 'ML Engineer Junior'
2026-04-16 14:02:05,064 [job_hunter.scrapers] INFO: Jobright: found 20 jobs for 'ML Engineer Junior'
2026-04-16 14:02:07,540 [job_hunter.scrapers] WARNING: Wellfound returned 403 for 'ML Engineer Junior'
2026-04-16 14:02:10,011 [job_hunter.scrapers] INFO: MyVisaJobs: found 0 jobs for 'ML Engineer Junior'
2026-04-16 14:02:13,203 [job_hunter.scrapers] INFO: LinkedIn: found 10 jobs for 'AI Engineer Entry Level'
2026-04-16 14:02:17,918 [job_hunter.scrapers] INFO: Jobright: found 20 jobs for 'AI Engineer Entry Level'
2026-04-16 14:02:20,138 [job_hunter.scrapers] WARNING: Wellfound returned 403 for 'AI Engineer Entry Level'
2026-04-16 14:02:22,650 [job_hunter.scrapers] INFO: MyVisaJobs: found 0 jobs for 'AI Engineer Entry Level'
2026-04-16 14:02:25,409 [job_hunter.scrapers] INFO: LinkedIn: found 10 jobs for 'AI ML Engineer New Grad'
2026-04-16 14:02:29,996 [job_hunter.scrapers] INFO: Jobright: found 20 jobs for 'AI ML Engineer New Grad'
2026-04-16 14:02:32,837 [job_hunter.scrapers] WARNING: Wellfound returned 403 for 'AI ML Engineer New Grad'
2026-04-16 14:02:35,056 [job_hunter.scrapers] INFO: MyVisaJobs: found 0 jobs for 'AI ML Engineer New Grad'
2026-04-16 14:02:38,257 [job_hunter.scrapers] INFO: LinkedIn: found 8 jobs for 'Software Engineer New Grad'
2026-04-16 14:02:41,819 [job_hunter.scrapers] INFO: Jobright: found 20 jobs for 'Software Engineer New Grad'
2026-04-16 14:02:44,337 [job_hunter.scrapers] WARNING: Wellfound returned 403 for 'Software Engineer New Grad'
2026-04-16 14:02:46,957 [job_hunter.scrapers] INFO: MyVisaJobs: found 0 jobs for 'Software Engineer New Grad'
2026-04-16 14:02:50,088 [job_hunter.scrapers] INFO: LinkedIn: found 10 jobs for 'Software Engineer Entry Level'
2026-04-16 14:02:55,547 [job_hunter.scrapers] INFO: Jobright: found 20 jobs for 'Software Engineer Entry Level'
2026-04-16 14:02:57,459 [job_hunter.scrapers] WARNING: Wellfound returned 403 for 'Software Engineer Entry Level'
2026-04-16 14:03:00,585 [job_hunter.scrapers] INFO: MyVisaJobs: found 0 jobs for 'Software Engineer Entry Level'
2026-04-16 14:03:03,619 [job_hunter.scrapers] INFO: LinkedIn: found 10 jobs for 'Software Development Engineer New Grad'
2026-04-16 14:03:09,032 [job_hunter.scrapers] INFO: Jobright: found 20 jobs for 'Software Development Engineer New Grad'
2026-04-16 14:03:11,897 [job_hunter.scrapers] WARNING: Wellfound returned 403 for 'Software Development Engineer New Grad'
2026-04-16 14:03:14,557 [job_hunter.scrapers] INFO: MyVisaJobs: found 0 jobs for 'Software Development Engineer New Grad'
2026-04-16 14:03:17,500 [job_hunter.scrapers] INFO: LinkedIn: found 10 jobs for 'SDE New Grad'
2026-04-16 14:03:22,545 [job_hunter.scrapers] INFO: Jobright: found 20 jobs for 'SDE New Grad'
2026-04-16 14:03:24,321 [job_hunter.scrapers] WARNING: Wellfound returned 403 for 'SDE New Grad'
2026-04-16 14:03:26,687 [job_hunter.scrapers] INFO: MyVisaJobs: found 0 jobs for 'SDE New Grad'
2026-04-16 14:03:29,730 [job_hunter.scrapers] INFO: LinkedIn: found 10 jobs for 'Data Scientist visa sponsorship'
2026-04-16 14:03:34,401 [job_hunter.scrapers] INFO: Jobright: found 20 jobs for 'Data Scientist visa sponsorship'
2026-04-16 14:03:36,180 [job_hunter.scrapers] WARNING: Wellfound returned 403 for 'Data Scientist visa sponsorship'
2026-04-16 14:03:39,052 [job_hunter.scrapers] INFO: MyVisaJobs: found 0 jobs for 'Data Scientist visa sponsorship'
2026-04-16 14:03:41,995 [job_hunter.scrapers] INFO: LinkedIn: found 10 jobs for 'Machine Learning Engineer visa sponsorship'
2026-04-16 14:03:47,820 [job_hunter.scrapers] INFO: Jobright: found 20 jobs for 'Machine Learning Engineer visa sponsorship'
2026-04-16 14:03:49,479 [job_hunter.scrapers] WARNING: Wellfound returned 403 for 'Machine Learning Engineer visa sponsorship'
2026-04-16 14:03:51,492 [job_hunter.scrapers] INFO: MyVisaJobs: found 0 jobs for 'Machine Learning Engineer visa sponsorship'
2026-04-16 14:03:54,141 [job_hunter.scrapers] INFO: LinkedIn: found 3 jobs for 'AI Engineer visa sponsorship'
2026-04-16 14:03:58,129 [job_hunter.scrapers] INFO: Jobright: found 20 jobs for 'AI Engineer visa sponsorship'
2026-04-16 14:04:00,870 [job_hunter.scrapers] WARNING: Wellfound returned 403 for 'AI Engineer visa sponsorship'
2026-04-16 14:04:02,865 [job_hunter.scrapers] INFO: MyVisaJobs: found 0 jobs for 'AI Engineer visa sponsorship'
2026-04-16 14:04:06,360 [job_hunter.scrapers] INFO: LinkedIn: found 10 jobs for 'Software Engineer visa sponsorship entry level'
2026-04-16 14:04:10,721 [job_hunter.scrapers] INFO: Jobright: found 20 jobs for 'Software Engineer visa sponsorship entry level'
2026-04-16 14:04:12,778 [job_hunter.scrapers] WARNING: Wellfound returned 403 for 'Software Engineer visa sponsorship entry level'
2026-04-16 14:04:15,905 [job_hunter.scrapers] INFO: MyVisaJobs: found 0 jobs for 'Software Engineer visa sponsorship entry level'
2026-04-16 14:04:17,981 [job_hunter.scrapers] INFO: RemoteOK: found 11 relevant jobs
2026-04-16 14:04:20,199 [job_hunter.scrapers] INFO: SimplifyJobs (internship): found 2452 relevant jobs
2026-04-16 14:04:20,704 [job_hunter.scrapers] INFO: SimplifyJobs (new-grad): found 4215 relevant jobs
2026-04-16 14:04:20,707 [job_hunter.scrapers] INFO: Total unique jobs scraped: 4165 (from 5041 raw)
2026-04-16 14:05:54,925 [job_hunter.scrapers] INFO: Enriched 40 job descriptions
2026-04-16 14:17:11,062 [job_hunter.scrapers] INFO: LinkedIn: found 10 jobs for 'Data Science Intern'
2026-04-16 14:17:16,841 [job_hunter.scrapers] INFO: Jobright: found 20 jobs for 'Data Science Intern'
2026-04-16 14:17:19,598 [job_hunter.scrapers] WARNING: Wellfound returned 403 for 'Data Science Intern'
2026-04-16 14:17:22,727 [job_hunter.scrapers] INFO: MyVisaJobs: found 0 jobs for 'Data Science Intern'
2026-04-16 14:17:25,185 [job_hunter.scrapers] INFO: LinkedIn: found 10 jobs for 'Data Scientist Intern'
2026-04-16 14:17:29,925 [job_hunter.scrapers] INFO: Jobright: found 20 jobs for 'Data Scientist Intern'
2026-04-16 14:17:32,180 [job_hunter.scrapers] WARNING: Wellfound returned 403 for 'Data Scientist Intern'
2026-04-16 14:17:34,263 [job_hunter.scrapers] INFO: MyVisaJobs: found 0 jobs for 'Data Scientist Intern'
2026-04-16 14:17:37,045 [job_hunter.scrapers] INFO: LinkedIn: found 10 jobs for 'Machine Learning Intern'
2026-04-16 14:17:41,278 [job_hunter.scrapers] INFO: Jobright: found 20 jobs for 'Machine Learning Intern'
2026-04-16 14:17:43,047 [job_hunter.scrapers] WARNING: Wellfound returned 403 for 'Machine Learning Intern'
2026-04-16 14:17:46,036 [job_hunter.scrapers] INFO: MyVisaJobs: found 0 jobs for 'Machine Learning Intern'
2026-04-16 14:17:48,581 [job_hunter.scrapers] INFO: LinkedIn: found 10 jobs for 'ML Engineer Intern'
2026-04-16 14:17:52,418 [job_hunter.scrapers] INFO: Jobright: found 20 jobs for 'ML Engineer Intern'
2026-04-16 14:17:55,378 [job_hunter.scrapers] WARNING: Wellfound returned 403 for 'ML Engineer Intern'
2026-04-16 14:17:58,366 [job_hunter.scrapers] INFO: MyVisaJobs: found 0 jobs for 'ML Engineer Intern'
2026-04-16 14:18:01,264 [job_hunter.scrapers] INFO: LinkedIn: found 6 jobs for 'AI ML Intern'
2026-04-16 14:18:05,315 [job_hunter.scrapers] INFO: Jobright: found 20 jobs for 'AI ML Intern'
2026-04-16 14:18:08,371 [job_hunter.scrapers] WARNING: Wellfound returned 403 for 'AI ML Intern'
2026-04-16 14:18:11,010 [job_hunter.scrapers] INFO: MyVisaJobs: found 0 jobs for 'AI ML Intern'
2026-04-16 14:18:13,901 [job_hunter.scrapers] INFO: LinkedIn: found 10 jobs for 'Software Engineer Intern'
2026-04-16 14:18:19,934 [job_hunter.scrapers] INFO: Jobright: found 20 jobs for 'Software Engineer Intern'
2026-04-16 14:18:21,900 [job_hunter.scrapers] WARNING: Wellfound returned 403 for 'Software Engineer Intern'
2026-04-16 14:18:23,902 [job_hunter.scrapers] INFO: MyVisaJobs: found 0 jobs for 'Software Engineer Intern'
2026-04-16 14:18:26,743 [job_hunter.scrapers] INFO: LinkedIn: found 10 jobs for 'Software Development Engineer Intern'
2026-04-16 14:18:30,794 [job_hunter.scrapers] INFO: Jobright: found 20 jobs for 'Software Development Engineer Intern'
2026-04-16 14:18:33,351 [job_hunter.scrapers] WARNING: Wellfound returned 403 for 'Software Development Engineer Intern'
2026-04-16 14:18:35,380 [job_hunter.scrapers] INFO: MyVisaJobs: found 0 jobs for 'Software Development Engineer Intern'
2026-04-16 14:18:38,459 [job_hunter.scrapers] INFO: LinkedIn: found 1 jobs for 'SDE Intern'
2026-04-16 14:18:42,212 [job_hunter.scrapers] INFO: Jobright: found 20 jobs for 'SDE Intern'
2026-04-16 14:18:44,033 [job_hunter.scrapers] WARNING: Wellfound returned 403 for 'SDE Intern'
2026-04-16 14:18:46,044 [job_hunter.scrapers] INFO: MyVisaJobs: found 0 jobs for 'SDE Intern'
2026-04-16 14:18:49,916 [job_hunter.scrapers] INFO: LinkedIn: found 10 jobs for 'Data Science Internship Summer 2026'
2026-04-16 14:18:54,818 [job_hunter.scrapers] INFO: Jobright: found 20 jobs for 'Data Science Internship Summer 2026'
2026-04-16 14:18:57,903 [job_hunter.scrapers] WARNING: Wellfound returned 403 for 'Data Science Internship Summer 2026'
2026-04-16 14:19:00,822 [job_hunter.scrapers] INFO: MyVisaJobs: found 0 jobs for 'Data Science Internship Summer 2026'
2026-04-16 14:19:04,287 [job_hunter.scrapers] INFO: LinkedIn: found 8 jobs for 'Machine Learning Internship Fall 2026'
2026-04-16 14:19:08,865 [job_hunter.scrapers] INFO: Jobright: found 20 jobs for 'Machine Learning Internship Fall 2026'
2026-04-16 14:19:11,236 [job_hunter.scrapers] WARNING: Wellfound returned 403 for 'Machine Learning Internship Fall 2026'
2026-04-16 14:19:13,361 [job_hunter.scrapers] INFO: MyVisaJobs: found 0 jobs for 'Machine Learning Internship Fall 2026'
2026-04-16 14:19:16,590 [job_hunter.scrapers] INFO: LinkedIn: found 10 jobs for 'Software Engineer Internship Summer 2026'
2026-04-16 14:19:21,830 [job_hunter.scrapers] INFO: Jobright: found 20 jobs for 'Software Engineer Internship Summer 2026'
2026-04-16 14:19:24,766 [job_hunter.scrapers] WARNING: Wellfound returned 403 for 'Software Engineer Internship Summer 2026'
2026-04-16 14:19:26,607 [job_hunter.scrapers] INFO: MyVisaJobs: found 0 jobs for 'Software Engineer Internship Summer 2026'
2026-04-16 14:19:28,633 [job_hunter.scrapers] WARNING: LinkedIn returned 429 for 'AI Engineer Internship'
2026-04-16 14:19:32,991 [job_hunter.scrapers] INFO: Jobright: found 20 jobs for 'AI Engineer Internship'
2026-04-16 14:19:35,055 [job_hunter.scrapers] WARNING: Wellfound returned 403 for 'AI Engineer Internship'
2026-04-16 14:19:38,141 [job_hunter.scrapers] INFO: MyVisaJobs: found 0 jobs for 'AI Engineer Internship'
2026-04-16 14:19:40,414 [job_hunter.scrapers] INFO: LinkedIn: found 10 jobs for 'Data Scientist Entry Level'
2026-04-16 14:19:44,275 [job_hunter.scrapers] INFO: Jobright: found 20 jobs for 'Data Scientist Entry Level'
2026-04-16 14:19:46,983 [job_hunter.scrapers] WARNING: Wellfound returned 403 for 'Data Scientist Entry Level'
2026-04-16 14:19:48,976 [job_hunter.scrapers] INFO: MyVisaJobs: found 0 jobs for 'Data Scientist Entry Level'
2026-04-16 14:19:52,060 [job_hunter.scrapers] INFO: LinkedIn: found 8 jobs for 'Data Scientist New Grad'
2026-04-16 14:19:56,325 [job_hunter.scrapers] INFO: Jobright: found 20 jobs for 'Data Scientist New Grad'
2026-04-16 14:19:59,437 [job_hunter.scrapers] WARNING: Wellfound returned 403 for 'Data Scientist New Grad'
2026-04-16 14:20:04,805 [job_hunter.scrapers] INFO: MyVisaJobs: found 0 jobs for 'Data Scientist New Grad'
2026-04-16 14:20:08,277 [job_hunter.scrapers] INFO: LinkedIn: found 10 jobs for 'Data Scientist Junior'
2026-04-16 14:20:12,851 [job_hunter.scrapers] INFO: Jobright: found 20 jobs for 'Data Scientist Junior'
2026-04-16 14:20:14,993 [job_hunter.scrapers] WARNING: Wellfound returned 403 for 'Data Scientist Junior'
2026-04-16 14:20:17,609 [job_hunter.scrapers] INFO: MyVisaJobs: found 0 jobs for 'Data Scientist Junior'
2026-04-16 14:20:19,755 [job_hunter.scrapers] INFO: LinkedIn: found 10 jobs for 'Machine Learning Engineer Entry Level'
2026-04-16 14:20:24,867 [job_hunter.scrapers] INFO: Jobright: found 20 jobs for 'Machine Learning Engineer Entry Level'
2026-04-16 14:20:27,161 [job_hunter.scrapers] WARNING: Wellfound returned 403 for 'Machine Learning Engineer Entry Level'
2026-04-16 14:20:29,108 [job_hunter.scrapers] INFO: MyVisaJobs: found 0 jobs for 'Machine Learning Engineer Entry Level'
2026-04-16 14:20:32,760 [job_hunter.scrapers] INFO: LinkedIn: found 6 jobs for 'Machine Learning Engineer New Grad'
2026-04-16 14:20:38,024 [job_hunter.scrapers] INFO: Jobright: found 20 jobs for 'Machine Learning Engineer New Grad'
2026-04-16 14:20:40,629 [job_hunter.scrapers] WARNING: Wellfound returned 403 for 'Machine Learning Engineer New Grad'
2026-04-16 14:20:43,469 [job_hunter.scrapers] INFO: MyVisaJobs: found 0 jobs for 'Machine Learning Engineer New Grad'
2026-04-16 14:20:46,154 [job_hunter.scrapers] INFO: LinkedIn: found 10 jobs for 'ML Engineer Junior'
2026-04-16 14:20:51,283 [job_hunter.scrapers] INFO: Jobright: found 20 jobs for 'ML Engineer Junior'
2026-04-16 14:20:54,143 [job_hunter.scrapers] WARNING: Wellfound returned 403 for 'ML Engineer Junior'
2026-04-16 14:20:56,846 [job_hunter.scrapers] INFO: MyVisaJobs: found 0 jobs for 'ML Engineer Junior'
2026-04-16 14:20:59,722 [job_hunter.scrapers] INFO: LinkedIn: found 10 jobs for 'AI Engineer Entry Level'
2026-04-16 14:21:04,967 [job_hunter.scrapers] INFO: Jobright: found 20 jobs for 'AI Engineer Entry Level'
2026-04-16 14:21:06,806 [job_hunter.scrapers] WARNING: Wellfound returned 403 for 'AI Engineer Entry Level'
2026-04-16 14:21:13,549 [job_hunter.scrapers] INFO: MyVisaJobs: found 0 jobs for 'AI Engineer Entry Level'
2026-04-16 14:21:17,441 [job_hunter.scrapers] INFO: LinkedIn: found 10 jobs for 'AI ML Engineer New Grad'
2026-04-16 14:21:22,289 [job_hunter.scrapers] INFO: Jobright: found 20 jobs for 'AI ML Engineer New Grad'
2026-04-16 14:21:25,328 [job_hunter.scrapers] WARNING: Wellfound returned 403 for 'AI ML Engineer New Grad'
2026-04-16 14:21:27,879 [job_hunter.scrapers] INFO: MyVisaJobs: found 0 jobs for 'AI ML Engineer New Grad'
2026-04-16 14:21:30,564 [job_hunter.scrapers] INFO: LinkedIn: found 8 jobs for 'Software Engineer New Grad'
2026-04-16 14:21:34,347 [job_hunter.scrapers] INFO: Jobright: found 20 jobs for 'Software Engineer New Grad'
2026-04-16 14:21:36,263 [job_hunter.scrapers] WARNING: Wellfound returned 403 for 'Software Engineer New Grad'
2026-04-16 14:21:38,787 [job_hunter.scrapers] INFO: MyVisaJobs: found 0 jobs for 'Software Engineer New Grad'
2026-04-16 14:21:41,866 [job_hunter.scrapers] INFO: LinkedIn: found 10 jobs for 'Software Engineer Entry Level'
2026-04-16 14:21:47,069 [job_hunter.scrapers] INFO: Jobright: found 20 jobs for 'Software Engineer Entry Level'
2026-04-16 14:21:48,964 [job_hunter.scrapers] WARNING: Wellfound returned 403 for 'Software Engineer Entry Level'
2026-04-16 14:21:52,413 [job_hunter.scrapers] INFO: MyVisaJobs: found 0 jobs for 'Software Engineer Entry Level'
2026-04-16 14:21:55,185 [job_hunter.scrapers] INFO: LinkedIn: found 3 jobs for 'Software Development Engineer New Grad'
2026-04-16 14:21:58,987 [job_hunter.scrapers] INFO: Jobright: found 20 jobs for 'Software Development Engineer New Grad'
2026-04-16 14:22:01,078 [job_hunter.scrapers] WARNING: Wellfound returned 403 for 'Software Development Engineer New Grad'
2026-04-16 14:22:03,383 [job_hunter.scrapers] INFO: MyVisaJobs: found 0 jobs for 'Software Development Engineer New Grad'
2026-04-16 14:22:06,585 [job_hunter.scrapers] INFO: LinkedIn: found 10 jobs for 'SDE New Grad'
2026-04-16 14:22:10,546 [job_hunter.scrapers] INFO: Jobright: found 20 jobs for 'SDE New Grad'
2026-04-16 14:22:13,062 [job_hunter.scrapers] WARNING: Wellfound returned 403 for 'SDE New Grad'
2026-04-16 14:22:15,804 [job_hunter.scrapers] INFO: MyVisaJobs: found 0 jobs for 'SDE New Grad'
2026-04-16 14:22:18,851 [job_hunter.scrapers] INFO: LinkedIn: found 10 jobs for 'Data Scientist visa sponsorship'
2026-04-16 14:22:22,960 [job_hunter.scrapers] INFO: Jobright: found 20 jobs for 'Data Scientist visa sponsorship'
2026-04-16 14:22:24,662 [job_hunter.scrapers] WARNING: Wellfound returned 403 for 'Data Scientist visa sponsorship'
2026-04-16 14:22:27,309 [job_hunter.scrapers] INFO: MyVisaJobs: found 0 jobs for 'Data Scientist visa sponsorship'
2026-04-16 14:22:29,693 [job_hunter.scrapers] INFO: LinkedIn: found 10 jobs for 'Machine Learning Engineer visa sponsorship'
2026-04-16 14:22:34,344 [job_hunter.scrapers] INFO: Jobright: found 20 jobs for 'Machine Learning Engineer visa sponsorship'
2026-04-16 14:22:37,115 [job_hunter.scrapers] WARNING: Wellfound returned 403 for 'Machine Learning Engineer visa sponsorship'
2026-04-16 14:22:39,479 [job_hunter.scrapers] INFO: MyVisaJobs: found 0 jobs for 'Machine Learning Engineer visa sponsorship'
2026-04-16 14:22:42,723 [job_hunter.scrapers] INFO: LinkedIn: found 7 jobs for 'AI Engineer visa sponsorship'
2026-04-16 14:22:48,084 [job_hunter.scrapers] INFO: Jobright: found 20 jobs for 'AI Engineer visa sponsorship'
2026-04-16 14:22:50,515 [job_hunter.scrapers] WARNING: Wellfound returned 403 for 'AI Engineer visa sponsorship'
2026-04-16 14:22:52,558 [job_hunter.scrapers] INFO: MyVisaJobs: found 0 jobs for 'AI Engineer visa sponsorship'
2026-04-16 14:22:55,444 [job_hunter.scrapers] INFO: LinkedIn: found 10 jobs for 'Software Engineer visa sponsorship entry level'
2026-04-16 14:23:00,237 [job_hunter.scrapers] INFO: Jobright: found 20 jobs for 'Software Engineer visa sponsorship entry level'
2026-04-16 14:23:02,541 [job_hunter.scrapers] WARNING: Wellfound returned 403 for 'Software Engineer visa sponsorship entry level'
2026-04-16 14:23:05,096 [job_hunter.scrapers] INFO: MyVisaJobs: found 0 jobs for 'Software Engineer visa sponsorship entry level'
2026-04-16 14:23:06,844 [job_hunter.scrapers] INFO: RemoteOK: found 11 relevant jobs
2026-04-16 14:23:09,865 [job_hunter.scrapers] INFO: SimplifyJobs (internship): found 2452 relevant jobs
2026-04-16 14:23:09,991 [job_hunter.scrapers] INFO: SimplifyJobs (new-grad): found 4215 relevant jobs
2026-04-16 14:23:09,994 [job_hunter.scrapers] INFO: Total unique jobs scraped: 4167 (from 5023 raw)
2026-04-16 14:24:51,136 [job_hunter.scrapers] INFO: Enriched 40 job descriptions
2026-04-16 14:24:51,141 [job_hunter.h1b_data] INFO: Loaded 211 employers from H1B cache
2026-04-16 14:24:51,195 [job_hunter.filters] INFO: Filter stats — Total: 4167, Role filtered: 1641, Seniority filtered: 54, Sponsorship filtered: 4, Passed: 2468
2026-04-16 14:24:52,283 [job_hunter.notifier] INFO: Notified about 2468 new jobs
2026-04-16 14:30:30,055 [job_hunter.scrapers] INFO: LinkedIn: found 10 jobs for 'Data Science Intern'
2026-04-16 14:30:34,723 [job_hunter.scrapers] INFO: Jobright: found 20 jobs for 'Data Science Intern'
2026-04-16 14:30:36,677 [job_hunter.scrapers] WARNING: Wellfound returned 403 for 'Data Science Intern'
2026-04-16 14:30:39,405 [job_hunter.scrapers] INFO: MyVisaJobs: found 0 jobs for 'Data Science Intern'
2026-04-16 14:30:42,649 [job_hunter.scrapers] INFO: LinkedIn: found 10 jobs for 'Data Scientist Intern'
2026-04-16 14:30:46,339 [job_hunter.scrapers] INFO: Jobright: found 20 jobs for 'Data Scientist Intern'
2026-04-16 14:30:49,102 [job_hunter.scrapers] WARNING: Wellfound returned 403 for 'Data Scientist Intern'
2026-04-16 14:30:52,413 [job_hunter.scrapers] INFO: MyVisaJobs: found 0 jobs for 'Data Scientist Intern'
2026-04-16 14:30:55,384 [job_hunter.scrapers] INFO: LinkedIn: found 10 jobs for 'Machine Learning Intern'
2026-04-16 14:31:00,235 [job_hunter.scrapers] INFO: Jobright: found 20 jobs for 'Machine Learning Intern'
2026-04-16 14:31:02,576 [job_hunter.scrapers] WARNING: Wellfound returned 403 for 'Machine Learning Intern'
2026-04-16 14:31:05,285 [job_hunter.scrapers] INFO: MyVisaJobs: found 0 jobs for 'Machine Learning Intern'
2026-04-16 14:31:08,614 [job_hunter.scrapers] INFO: LinkedIn: found 10 jobs for 'ML Engineer Intern'
2026-04-16 14:31:12,955 [job_hunter.scrapers] INFO: Jobright: found 20 jobs for 'ML Engineer Intern'
2026-04-16 14:31:15,387 [job_hunter.scrapers] WARNING: Wellfound returned 403 for 'ML Engineer Intern'
2026-04-16 14:31:18,693 [job_hunter.scrapers] INFO: MyVisaJobs: found 0 jobs for 'ML Engineer Intern'
2026-04-16 14:31:20,735 [job_hunter.scrapers] INFO: LinkedIn: found 6 jobs for 'AI ML Intern'
2026-04-16 14:31:25,092 [job_hunter.scrapers] INFO: Jobright: found 20 jobs for 'AI ML Intern'
2026-04-16 14:31:26,742 [job_hunter.scrapers] WARNING: Wellfound returned 403 for 'AI ML Intern'
2026-04-16 14:31:29,869 [job_hunter.scrapers] INFO: MyVisaJobs: found 0 jobs for 'AI ML Intern'
2026-04-16 14:31:32,533 [job_hunter.scrapers] INFO: LinkedIn: found 10 jobs for 'Software Engineer Intern'
2026-04-16 14:31:36,127 [job_hunter.scrapers] INFO: Jobright: found 20 jobs for 'Software Engineer Intern'
2026-04-16 14:31:37,859 [job_hunter.scrapers] WARNING: Wellfound returned 403 for 'Software Engineer Intern'
2026-04-16 14:31:39,808 [job_hunter.scrapers] INFO: MyVisaJobs: found 0 jobs for 'Software Engineer Intern'
2026-04-16 14:31:42,569 [job_hunter.scrapers] INFO: LinkedIn: found 10 jobs for 'Software Development Engineer Intern'
2026-04-16 14:31:48,604 [job_hunter.scrapers] INFO: Jobright: found 20 jobs for 'Software Development Engineer Intern'
2026-04-16 14:31:50,490 [job_hunter.scrapers] WARNING: Wellfound returned 403 for 'Software Development Engineer Intern'
2026-04-16 14:31:53,230 [job_hunter.scrapers] INFO: MyVisaJobs: found 0 jobs for 'Software Development Engineer Intern'
2026-04-16 14:31:55,388 [job_hunter.scrapers] INFO: LinkedIn: found 1 jobs for 'SDE Intern'
2026-04-16 14:31:59,872 [job_hunter.scrapers] INFO: Jobright: found 20 jobs for 'SDE Intern'
2026-04-16 14:32:02,202 [job_hunter.scrapers] WARNING: Wellfound returned 403 for 'SDE Intern'
2026-04-16 14:32:05,450 [job_hunter.scrapers] INFO: MyVisaJobs: found 0 jobs for 'SDE Intern'
2026-04-16 14:32:08,924 [job_hunter.scrapers] INFO: LinkedIn: found 10 jobs for 'Data Science Internship Summer 2026'
2026-04-16 14:32:12,580 [job_hunter.scrapers] INFO: Jobright: found 20 jobs for 'Data Science Internship Summer 2026'
2026-04-16 14:32:14,654 [job_hunter.scrapers] WARNING: Wellfound returned 403 for 'Data Science Internship Summer 2026'
2026-04-16 14:32:16,811 [job_hunter.scrapers] INFO: MyVisaJobs: found 0 jobs for 'Data Science Internship Summer 2026'
2026-04-16 14:32:20,247 [job_hunter.scrapers] INFO: LinkedIn: found 10 jobs for 'Machine Learning Internship Fall 2026'
2026-04-16 14:32:25,439 [job_hunter.scrapers] INFO: Jobright: found 20 jobs for 'Machine Learning Internship Fall 2026'
2026-04-16 14:32:27,267 [job_hunter.scrapers] WARNING: Wellfound returned 403 for 'Machine Learning Internship Fall 2026'
2026-04-16 14:32:29,804 [job_hunter.scrapers] INFO: MyVisaJobs: found 0 jobs for 'Machine Learning Internship Fall 2026'
2026-04-16 14:32:32,861 [job_hunter.scrapers] INFO: LinkedIn: found 10 jobs for 'Software Engineer Internship Summer 2026'
2026-04-16 14:32:37,246 [job_hunter.scrapers] INFO: Jobright: found 20 jobs for 'Software Engineer Internship Summer 2026'
2026-04-16 14:32:39,913 [job_hunter.scrapers] WARNING: Wellfound returned 403 for 'Software Engineer Internship Summer 2026'
2026-04-16 14:32:42,649 [job_hunter.scrapers] INFO: MyVisaJobs: found 0 jobs for 'Software Engineer Internship Summer 2026'
2026-04-16 14:32:44,867 [job_hunter.scrapers] INFO: LinkedIn: found 10 jobs for 'AI Engineer Internship'
2026-04-16 14:32:49,501 [job_hunter.scrapers] INFO: Jobright: found 20 jobs for 'AI Engineer Internship'
2026-04-16 14:32:51,331 [job_hunter.scrapers] WARNING: Wellfound returned 403 for 'AI Engineer Internship'
2026-04-16 14:32:53,386 [job_hunter.scrapers] INFO: MyVisaJobs: found 0 jobs for 'AI Engineer Internship'
2026-04-16 14:32:56,542 [job_hunter.scrapers] INFO: LinkedIn: found 10 jobs for 'Data Scientist Entry Level'
2026-04-16 14:33:01,737 [job_hunter.scrapers] INFO: Jobright: found 20 jobs for 'Data Scientist Entry Level'
2026-04-16 14:33:04,001 [job_hunter.scrapers] WARNING: Wellfound returned 403 for 'Data Scientist Entry Level'
2026-04-16 14:33:06,406 [job_hunter.scrapers] INFO: MyVisaJobs: found 0 jobs for 'Data Scientist Entry Level'
2026-04-16 14:33:08,453 [job_hunter.scrapers] INFO: LinkedIn: found 8 jobs for 'Data Scientist New Grad'
2026-04-16 14:33:12,103 [job_hunter.scrapers] INFO: Jobright: found 20 jobs for 'Data Scientist New Grad'
2026-04-16 14:33:14,661 [job_hunter.scrapers] WARNING: Wellfound returned 403 for 'Data Scientist New Grad'
2026-04-16 14:33:17,964 [job_hunter.scrapers] INFO: MyVisaJobs: found 0 jobs for 'Data Scientist New Grad'
2026-04-16 14:33:21,023 [job_hunter.scrapers] INFO: LinkedIn: found 10 jobs for 'Data Scientist Junior'
2026-04-16 14:33:26,266 [job_hunter.scrapers] INFO: Jobright: found 20 jobs for 'Data Scientist Junior'
2026-04-16 14:33:28,218 [job_hunter.scrapers] WARNING: Wellfound returned 403 for 'Data Scientist Junior'
2026-04-16 14:33:31,359 [job_hunter.scrapers] INFO: MyVisaJobs: found 0 jobs for 'Data Scientist Junior'
2026-04-16 14:33:33,703 [job_hunter.scrapers] INFO: LinkedIn: found 10 jobs for 'Machine Learning Engineer Entry Level'
2026-04-16 14:33:38,035 [job_hunter.scrapers] INFO: Jobright: found 20 jobs for 'Machine Learning Engineer Entry Level'
2026-04-16 14:33:40,250 [job_hunter.scrapers] WARNING: Wellfound returned 403 for 'Machine Learning Engineer Entry Level'
2026-04-16 14:33:42,741 [job_hunter.scrapers] INFO: MyVisaJobs: found 0 jobs for 'Machine Learning Engineer Entry Level'
2026-04-16 14:33:45,294 [job_hunter.scrapers] INFO: LinkedIn: found 9 jobs for 'Machine Learning Engineer New Grad'
2026-04-16 14:33:49,956 [job_hunter.scrapers] INFO: Jobright: found 20 jobs for 'Machine Learning Engineer New Grad'
2026-04-16 14:33:51,719 [job_hunter.scrapers] WARNING: Wellfound returned 403 for 'Machine Learning Engineer New Grad'
2026-04-16 14:33:54,480 [job_hunter.scrapers] INFO: MyVisaJobs: found 0 jobs for 'Machine Learning Engineer New Grad'
2026-04-16 14:33:57,227 [job_hunter.scrapers] INFO: LinkedIn: found 10 jobs for 'ML Engineer Junior'
2026-04-16 14:34:03,263 [job_hunter.scrapers] INFO: Jobright: found 20 jobs for 'ML Engineer Junior'
2026-04-16 14:34:05,715 [job_hunter.scrapers] WARNING: Wellfound returned 403 for 'ML Engineer Junior'
2026-04-16 14:34:08,803 [job_hunter.scrapers] INFO: MyVisaJobs: found 0 jobs for 'ML Engineer Junior'
2026-04-16 14:34:11,303 [job_hunter.scrapers] INFO: LinkedIn: found 10 jobs for 'AI Engineer Entry Level'
2026-04-16 14:34:15,739 [job_hunter.scrapers] INFO: Jobright: found 20 jobs for 'AI Engineer Entry Level'
2026-04-16 14:34:17,933 [job_hunter.scrapers] WARNING: Wellfound returned 403 for 'AI Engineer Entry Level'
2026-04-16 14:34:20,975 [job_hunter.scrapers] INFO: MyVisaJobs: found 0 jobs for 'AI Engineer Entry Level'
2026-04-16 14:34:24,710 [job_hunter.scrapers] INFO: LinkedIn: found 10 jobs for 'AI ML Engineer New Grad'
2026-04-16 14:34:28,530 [job_hunter.scrapers] INFO: Jobright: found 20 jobs for 'AI ML Engineer New Grad'
2026-04-16 14:34:31,175 [job_hunter.scrapers] WARNING: Wellfound returned 403 for 'AI ML Engineer New Grad'
2026-04-16 14:34:33,170 [job_hunter.scrapers] INFO: MyVisaJobs: found 0 jobs for 'AI ML Engineer New Grad'
2026-04-16 14:34:36,705 [job_hunter.scrapers] INFO: LinkedIn: found 5 jobs for 'Software Engineer New Grad'
2026-04-16 14:34:40,586 [job_hunter.scrapers] INFO: Jobright: found 20 jobs for 'Software Engineer New Grad'
2026-04-16 14:34:42,631 [job_hunter.scrapers] WARNING: Wellfound returned 403 for 'Software Engineer New Grad'
2026-04-16 14:34:45,229 [job_hunter.scrapers] INFO: MyVisaJobs: found 0 jobs for 'Software Engineer New Grad'
2026-04-16 14:34:48,482 [job_hunter.scrapers] INFO: LinkedIn: found 10 jobs for 'Software Engineer Entry Level'
2026-04-16 14:34:52,474 [job_hunter.scrapers] INFO: Jobright: found 20 jobs for 'Software Engineer Entry Level'
2026-04-16 14:34:54,795 [job_hunter.scrapers] WARNING: Wellfound returned 403 for 'Software Engineer Entry Level'
2026-04-16 14:34:58,005 [job_hunter.scrapers] INFO: MyVisaJobs: found 0 jobs for 'Software Engineer Entry Level'
2026-04-16 14:35:00,067 [job_hunter.scrapers] INFO: LinkedIn: found 6 jobs for 'Software Development Engineer New Grad'
2026-04-16 14:35:03,999 [job_hunter.scrapers] INFO: Jobright: found 20 jobs for 'Software Development Engineer New Grad'
2026-04-16 14:35:05,754 [job_hunter.scrapers] WARNING: Wellfound returned 403 for 'Software Development Engineer New Grad'
2026-04-16 14:35:08,764 [job_hunter.scrapers] INFO: MyVisaJobs: found 0 jobs for 'Software Development Engineer New Grad'
2026-04-16 14:35:12,436 [job_hunter.scrapers] INFO: LinkedIn: found 10 jobs for 'SDE New Grad'
2026-04-16 14:35:17,646 [job_hunter.scrapers] INFO: Jobright: found 20 jobs for 'SDE New Grad'
2026-04-16 14:35:19,419 [job_hunter.scrapers] WARNING: Wellfound returned 403 for 'SDE New Grad'
2026-04-16 14:35:21,462 [job_hunter.scrapers] INFO: MyVisaJobs: found 0 jobs for 'SDE New Grad'
2026-04-16 14:35:24,928 [job_hunter.scrapers] INFO: LinkedIn: found 10 jobs for 'Data Scientist visa sponsorship'
2026-04-16 14:35:28,689 [job_hunter.scrapers] INFO: Jobright: found 20 jobs for 'Data Scientist visa sponsorship'
2026-04-16 14:35:30,807 [job_hunter.scrapers] WARNING: Wellfound returned 403 for 'Data Scientist visa sponsorship'
2026-04-16 14:35:32,751 [job_hunter.scrapers] INFO: MyVisaJobs: found 0 jobs for 'Data Scientist visa sponsorship'
2026-04-16 14:35:35,363 [job_hunter.scrapers] INFO: LinkedIn: found 10 jobs for 'Machine Learning Engineer visa sponsorship'
2026-04-16 14:35:38,903 [job_hunter.scrapers] INFO: Jobright: found 20 jobs for 'Machine Learning Engineer visa sponsorship'
2026-04-16 14:35:41,905 [job_hunter.scrapers] WARNING: Wellfound returned 403 for 'Machine Learning Engineer visa sponsorship'
2026-04-16 14:35:44,970 [job_hunter.scrapers] INFO: MyVisaJobs: found 0 jobs for 'Machine Learning Engineer visa sponsorship'
2026-04-16 14:35:47,716 [job_hunter.scrapers] INFO: LinkedIn: found 7 jobs for 'AI Engineer visa sponsorship'
2026-04-16 14:35:52,362 [job_hunter.scrapers] INFO: Jobright: found 20 jobs for 'AI Engineer visa sponsorship'
2026-04-16 14:35:55,372 [job_hunter.scrapers] WARNING: Wellfound returned 403 for 'AI Engineer visa sponsorship'
2026-04-16 14:35:57,226 [job_hunter.scrapers] INFO: MyVisaJobs: found 0 jobs for 'AI Engineer visa sponsorship'
2026-04-16 14:36:00,720 [job_hunter.scrapers] INFO: LinkedIn: found 10 jobs for 'Software Engineer visa sponsorship entry level'
2026-04-16 14:36:05,209 [job_hunter.scrapers] INFO: Jobright: found 20 jobs for 'Software Engineer visa sponsorship entry level'
2026-04-16 14:36:06,942 [job_hunter.scrapers] WARNING: Wellfound returned 403 for 'Software Engineer visa sponsorship entry level'
2026-04-16 14:36:09,327 [job_hunter.scrapers] INFO: MyVisaJobs: found 0 jobs for 'Software Engineer visa sponsorship entry level'
2026-04-16 14:36:12,057 [job_hunter.scrapers] INFO: RemoteOK: found 11 relevant jobs
2026-04-16 14:36:15,101 [job_hunter.scrapers] INFO: SimplifyJobs (internship): found 2446 relevant jobs
2026-04-16 14:36:15,633 [job_hunter.scrapers] INFO: SimplifyJobs (new-grad): found 4205 relevant jobs
2026-04-16 14:36:15,637 [job_hunter.scrapers] INFO: Total unique jobs scraped: 4165 (from 5028 raw)
2026-04-16 14:37:51,440 [job_hunter.scrapers] INFO: Enriched 40 job descriptions
2026-04-16 14:37:51,445 [job_hunter.h1b_data] INFO: Loaded 211 employers from H1B cache
2026-04-16 14:37:51,507 [job_hunter.filters] INFO: Filter stats — Total: 4165, Location filtered: 898, Role filtered: 1308, Seniority filtered: 46, Sponsorship filtered: 2, Passed: 1911
2026-04-16 14:37:52,320 [job_hunter.notifier] INFO: Notified about 1911 new jobs
2026-04-16 17:54:20,744 [job_hunter.scrapers] INFO: LinkedIn: found 9 jobs for 'Data Science Intern'
2026-04-16 17:54:25,295 [job_hunter.scrapers] INFO: Jobright: found 20 jobs for 'Data Science Intern'
2026-04-16 17:54:27,455 [job_hunter.scrapers] WARNING: Wellfound returned 403 for 'Data Science Intern'
2026-04-16 17:54:30,561 [job_hunter.scrapers] INFO: MyVisaJobs: found 0 jobs for 'Data Science Intern'
2026-04-16 17:54:33,264 [job_hunter.scrapers] INFO: LinkedIn: found 10 jobs for 'Data Scientist Intern'
2026-04-16 17:54:38,201 [job_hunter.scrapers] INFO: Jobright: found 20 jobs for 'Data Scientist Intern'
2026-04-16 17:54:40,312 [job_hunter.scrapers] WARNING: Wellfound returned 403 for 'Data Scientist Intern'
2026-04-16 17:54:42,839 [job_hunter.scrapers] INFO: MyVisaJobs: found 0 jobs for 'Data Scientist Intern'
2026-04-16 17:54:45,012 [job_hunter.scrapers] INFO: LinkedIn: found 10 jobs for 'Machine Learning Intern'
2026-04-16 17:54:48,957 [job_hunter.scrapers] INFO: Jobright: found 20 jobs for 'Machine Learning Intern'
2026-04-16 17:54:50,683 [job_hunter.scrapers] WARNING: Wellfound returned 403 for 'Machine Learning Intern'
2026-04-16 17:54:53,800 [job_hunter.scrapers] INFO: MyVisaJobs: found 0 jobs for 'Machine Learning Intern'
2026-04-16 17:54:56,531 [job_hunter.scrapers] INFO: LinkedIn: found 10 jobs for 'ML Engineer Intern'
2026-04-16 17:55:00,723 [job_hunter.scrapers] INFO: Jobright: found 20 jobs for 'ML Engineer Intern'
2026-04-16 17:55:02,581 [job_hunter.scrapers] WARNING: Wellfound returned 403 for 'ML Engineer Intern'
2026-04-16 17:55:05,792 [job_hunter.scrapers] INFO: MyVisaJobs: found 0 jobs for 'ML Engineer Intern'
2026-04-16 17:55:08,665 [job_hunter.scrapers] INFO: LinkedIn: found 5 jobs for 'AI ML Intern'
2026-04-16 17:55:12,814 [job_hunter.scrapers] INFO: Jobright: found 20 jobs for 'AI ML Intern'
2026-04-16 17:55:14,923 [job_hunter.scrapers] WARNING: Wellfound returned 403 for 'AI ML Intern'
2026-04-16 17:55:17,933 [job_hunter.scrapers] INFO: MyVisaJobs: found 0 jobs for 'AI ML Intern'
2026-04-16 17:55:20,383 [job_hunter.scrapers] INFO: LinkedIn: found 10 jobs for 'Software Engineer Intern'
2026-04-16 17:55:24,786 [job_hunter.scrapers] INFO: Jobright: found 20 jobs for 'Software Engineer Intern'
2026-04-16 17:55:26,782 [job_hunter.scrapers] WARNING: Wellfound returned 403 for 'Software Engineer Intern'
2026-04-16 17:55:29,404 [job_hunter.scrapers] INFO: MyVisaJobs: found 0 jobs for 'Software Engineer Intern'
2026-04-16 17:55:32,015 [job_hunter.scrapers] INFO: LinkedIn: found 10 jobs for 'Software Development Engineer Intern'
2026-04-16 17:55:36,980 [job_hunter.scrapers] INFO: Jobright: found 20 jobs for 'Software Development Engineer Intern'
2026-04-16 17:55:39,162 [job_hunter.scrapers] WARNING: Wellfound returned 403 for 'Software Development Engineer Intern'
2026-04-16 17:55:41,113 [job_hunter.scrapers] INFO: MyVisaJobs: found 0 jobs for 'Software Development Engineer Intern'
2026-04-16 17:55:43,481 [job_hunter.scrapers] INFO: LinkedIn: found 1 jobs for 'SDE Intern'
2026-04-16 17:55:47,655 [job_hunter.scrapers] INFO: Jobright: found 20 jobs for 'SDE Intern'
2026-04-16 17:55:49,869 [job_hunter.scrapers] WARNING: Wellfound returned 403 for 'SDE Intern'
2026-04-16 17:55:53,162 [job_hunter.scrapers] INFO: MyVisaJobs: found 0 jobs for 'SDE Intern'
2026-04-16 17:55:55,260 [job_hunter.scrapers] INFO: LinkedIn: found 10 jobs for 'Data Science Internship Summer 2026'
2026-04-16 17:55:59,604 [job_hunter.scrapers] INFO: Jobright: found 20 jobs for 'Data Science Internship Summer 2026'
2026-04-16 17:56:02,634 [job_hunter.scrapers] WARNING: Wellfound returned 403 for 'Data Science Internship Summer 2026'
2026-04-16 17:56:05,895 [job_hunter.scrapers] INFO: MyVisaJobs: found 0 jobs for 'Data Science Internship Summer 2026'
2026-04-16 17:56:08,573 [job_hunter.scrapers] INFO: LinkedIn: found 9 jobs for 'Machine Learning Internship Fall 2026'
2026-04-16 17:56:13,542 [job_hunter.scrapers] INFO: Jobright: found 20 jobs for 'Machine Learning Internship Fall 2026'
2026-04-16 17:56:15,516 [job_hunter.scrapers] WARNING: Wellfound returned 403 for 'Machine Learning Internship Fall 2026'
2026-04-16 17:56:18,354 [job_hunter.scrapers] INFO: MyVisaJobs: found 0 jobs for 'Machine Learning Internship Fall 2026'
2026-04-16 17:56:20,971 [job_hunter.scrapers] INFO: LinkedIn: found 10 jobs for 'Software Engineer Internship Summer 2026'
2026-04-16 17:56:25,773 [job_hunter.scrapers] INFO: Jobright: found 20 jobs for 'Software Engineer Internship Summer 2026'
2026-04-16 17:56:28,074 [job_hunter.scrapers] WARNING: Wellfound returned 403 for 'Software Engineer Internship Summer 2026'
2026-04-16 17:56:31,154 [job_hunter.scrapers] INFO: MyVisaJobs: found 0 jobs for 'Software Engineer Internship Summer 2026'
2026-04-16 17:56:33,703 [job_hunter.scrapers] INFO: LinkedIn: found 10 jobs for 'AI Engineer Internship'
2026-04-16 17:56:38,624 [job_hunter.scrapers] INFO: Jobright: found 20 jobs for 'AI Engineer Internship'
2026-04-16 17:56:40,326 [job_hunter.scrapers] WARNING: Wellfound returned 403 for 'AI Engineer Internship'
2026-04-16 17:56:43,601 [job_hunter.scrapers] INFO: MyVisaJobs: found 0 jobs for 'AI Engineer Internship'
2026-04-16 17:56:46,932 [job_hunter.scrapers] INFO: LinkedIn: found 10 jobs for 'Data Scientist Entry Level'
2026-04-16 17:56:53,270 [job_hunter.scrapers] INFO: Jobright: found 20 jobs for 'Data Scientist Entry Level'
2026-04-16 17:56:55,781 [job_hunter.scrapers] WARNING: Wellfound returned 403 for 'Data Scientist Entry Level'
2026-04-16 17:56:58,718 [job_hunter.scrapers] INFO: MyVisaJobs: found 0 jobs for 'Data Scientist Entry Level'
2026-04-16 17:57:00,614 [job_hunter.scrapers] INFO: LinkedIn: found 4 jobs for 'Data Scientist New Grad'
2026-04-16 17:57:05,568 [job_hunter.scrapers] INFO: Jobright: found 20 jobs for 'Data Scientist New Grad'
2026-04-16 17:57:07,621 [job_hunter.scrapers] WARNING: Wellfound returned 403 for 'Data Scientist New Grad'
2026-04-16 17:57:10,457 [job_hunter.scrapers] INFO: MyVisaJobs: found 0 jobs for 'Data Scientist New Grad'
2026-04-16 17:57:13,907 [job_hunter.scrapers] INFO: LinkedIn: found 10 jobs for 'Data Scientist Junior'
2026-04-16 17:57:18,258 [job_hunter.scrapers] INFO: Jobright: found 20 jobs for 'Data Scientist Junior'
2026-04-16 17:57:20,067 [job_hunter.scrapers] WARNING: Wellfound returned 403 for 'Data Scientist Junior'
2026-04-16 17:57:22,466 [job_hunter.scrapers] INFO: MyVisaJobs: found 0 jobs for 'Data Scientist Junior'
2026-04-16 17:57:24,759 [job_hunter.scrapers] INFO: LinkedIn: found 9 jobs for 'Machine Learning Engineer Entry Level'
2026-04-16 17:57:28,339 [job_hunter.scrapers] INFO: Jobright: found 20 jobs for 'Machine Learning Engineer Entry Level'
2026-04-16 17:57:29,988 [job_hunter.scrapers] WARNING: Wellfound returned 403 for 'Machine Learning Engineer Entry Level'
2026-04-16 17:57:32,639 [job_hunter.scrapers] INFO: MyVisaJobs: found 0 jobs for 'Machine Learning Engineer Entry Level'
2026-04-16 17:57:34,941 [job_hunter.scrapers] INFO: LinkedIn: found 3 jobs for 'Machine Learning Engineer New Grad'
2026-04-16 17:57:39,856 [job_hunter.scrapers] INFO: Jobright: found 20 jobs for 'Machine Learning Engineer New Grad'
2026-04-16 17:57:42,343 [job_hunter.scrapers] WARNING: Wellfound returned 403 for 'Machine Learning Engineer New Grad'
2026-04-16 17:57:44,765 [job_hunter.scrapers] INFO: MyVisaJobs: found 0 jobs for 'Machine Learning Engineer New Grad'
2026-04-16 17:57:46,772 [job_hunter.scrapers] INFO: LinkedIn: found 10 jobs for 'ML Engineer Junior'
2026-04-16 17:57:51,332 [job_hunter.scrapers] INFO: Jobright: found 20 jobs for 'ML Engineer Junior'
2026-04-16 17:57:53,860 [job_hunter.scrapers] WARNING: Wellfound returned 403 for 'ML Engineer Junior'
2026-04-16 17:57:55,926 [job_hunter.scrapers] INFO: MyVisaJobs: found 0 jobs for 'ML Engineer Junior'
2026-04-16 17:57:58,449 [job_hunter.scrapers] INFO: LinkedIn: found 9 jobs for 'AI Engineer Entry Level'
2026-04-16 17:58:03,263 [job_hunter.scrapers] INFO: Jobright: found 20 jobs for 'AI Engineer Entry Level'
2026-04-16 17:58:05,813 [job_hunter.scrapers] WARNING: Wellfound returned 403 for 'AI Engineer Entry Level'
2026-04-16 17:58:08,174 [job_hunter.scrapers] INFO: MyVisaJobs: found 0 jobs for 'AI Engineer Entry Level'
2026-04-16 17:58:09,960 [job_hunter.scrapers] INFO: LinkedIn: found 0 jobs for 'AI ML Engineer New Grad'
2026-04-16 17:58:14,679 [job_hunter.scrapers] INFO: Jobright: found 20 jobs for 'AI ML Engineer New Grad'
2026-04-16 17:58:16,560 [job_hunter.scrapers] WARNING: Wellfound returned 403 for 'AI ML Engineer New Grad'
2026-04-16 17:58:19,573 [job_hunter.scrapers] INFO: MyVisaJobs: found 0 jobs for 'AI ML Engineer New Grad'
2026-04-16 17:58:22,411 [job_hunter.scrapers] INFO: LinkedIn: found 5 jobs for 'Software Engineer New Grad'
2026-04-16 17:58:26,347 [job_hunter.scrapers] INFO: Jobright: found 20 jobs for 'Software Engineer New Grad'
2026-04-16 17:58:28,798 [job_hunter.scrapers] WARNING: Wellfound returned 403 for 'Software Engineer New Grad'
2026-04-16 17:58:31,835 [job_hunter.scrapers] INFO: MyVisaJobs: found 0 jobs for 'Software Engineer New Grad'
2026-04-16 17:58:33,984 [job_hunter.scrapers] INFO: LinkedIn: found 10 jobs for 'Software Engineer Entry Level'
2026-04-16 17:58:37,938 [job_hunter.scrapers] INFO: Jobright: found 20 jobs for 'Software Engineer Entry Level'
2026-04-16 17:58:40,033 [job_hunter.scrapers] WARNING: Wellfound returned 403 for 'Software Engineer Entry Level'
2026-04-16 17:58:42,457 [job_hunter.scrapers] INFO: MyVisaJobs: found 0 jobs for 'Software Engineer Entry Level'
2026-04-16 17:58:45,240 [job_hunter.scrapers] INFO: LinkedIn: found 3 jobs for 'Software Development Engineer New Grad'
2026-04-16 17:58:49,209 [job_hunter.scrapers] INFO: Jobright: found 20 jobs for 'Software Development Engineer New Grad'
2026-04-16 17:58:52,203 [job_hunter.scrapers] WARNING: Wellfound returned 403 for 'Software Development Engineer New Grad'
2026-04-16 17:58:54,069 [job_hunter.scrapers] INFO: MyVisaJobs: found 0 jobs for 'Software Development Engineer New Grad'
2026-04-16 17:58:57,141 [job_hunter.scrapers] INFO: LinkedIn: found 0 jobs for 'SDE New Grad'
2026-04-16 17:59:02,705 [job_hunter.scrapers] INFO: Jobright: found 20 jobs for 'SDE New Grad'
2026-04-16 17:59:04,960 [job_hunter.scrapers] WARNING: Wellfound returned 403 for 'SDE New Grad'
2026-04-16 17:59:08,023 [job_hunter.scrapers] INFO: MyVisaJobs: found 0 jobs for 'SDE New Grad'
2026-04-16 17:59:10,027 [job_hunter.scrapers] INFO: LinkedIn: found 10 jobs for 'Data Scientist visa sponsorship'
2026-04-16 17:59:13,862 [job_hunter.scrapers] INFO: Jobright: found 20 jobs for 'Data Scientist visa sponsorship'
2026-04-16 17:59:16,126 [job_hunter.scrapers] WARNING: Wellfound returned 403 for 'Data Scientist visa sponsorship'
2026-04-16 17:59:18,899 [job_hunter.scrapers] INFO: MyVisaJobs: found 0 jobs for 'Data Scientist visa sponsorship'
2026-04-16 17:59:21,526 [job_hunter.scrapers] INFO: LinkedIn: found 10 jobs for 'Machine Learning Engineer visa sponsorship'
2026-04-16 17:59:26,463 [job_hunter.scrapers] INFO: Jobright: found 20 jobs for 'Machine Learning Engineer visa sponsorship'
2026-04-16 17:59:29,069 [job_hunter.scrapers] WARNING: Wellfound returned 403 for 'Machine Learning Engineer visa sponsorship'
2026-04-16 17:59:31,397 [job_hunter.scrapers] INFO: MyVisaJobs: found 0 jobs for 'Machine Learning Engineer visa sponsorship'
2026-04-16 17:59:34,303 [job_hunter.scrapers] INFO: LinkedIn: found 3 jobs for 'AI Engineer visa sponsorship'
2026-04-16 17:59:38,804 [job_hunter.scrapers] INFO: Jobright: found 20 jobs for 'AI Engineer visa sponsorship'
2026-04-16 17:59:40,734 [job_hunter.scrapers] WARNING: Wellfound returned 403 for 'AI Engineer visa sponsorship'
2026-04-16 17:59:43,395 [job_hunter.scrapers] INFO: MyVisaJobs: found 0 jobs for 'AI Engineer visa sponsorship'
2026-04-16 17:59:46,176 [job_hunter.scrapers] INFO: LinkedIn: found 0 jobs for 'Software Engineer visa sponsorship entry level'
2026-04-16 17:59:51,450 [job_hunter.scrapers] INFO: Jobright: found 20 jobs for 'Software Engineer visa sponsorship entry level'
2026-04-16 17:59:53,484 [job_hunter.scrapers] WARNING: Wellfound returned 403 for 'Software Engineer visa sponsorship entry level'
2026-04-16 17:59:56,156 [job_hunter.scrapers] INFO: MyVisaJobs: found 0 jobs for 'Software Engineer visa sponsorship entry level'
2026-04-16 17:59:59,203 [job_hunter.scrapers] INFO: RemoteOK: found 11 relevant jobs
2026-04-16 18:00:02,573 [job_hunter.scrapers] INFO: SimplifyJobs (internship): found 58 jobs posted in last 24h
2026-04-16 18:00:02,706 [job_hunter.scrapers] INFO: SimplifyJobs (new-grad): found 60 jobs posted in last 24h
2026-04-16 18:00:02,708 [job_hunter.scrapers] INFO: Total unique jobs scraped: 253 (from 889 raw)
2026-04-16 18:01:26,357 [job_hunter.scrapers] INFO: Enriched 40 job descriptions
2026-04-16 18:01:26,363 [job_hunter.h1b_data] INFO: Loaded 211 employers from H1B cache
2026-04-16 18:01:26,377 [job_hunter.filters] INFO: Filter stats — Total: 253, Location filtered: 25, Role filtered: 74, Seniority filtered: 13, PhD filtered: 7, Sponsorship filtered: 4, Passed: 130
2026-04-16 18:01:26,556 [job_hunter.notifier] INFO: Notified about 130 new jobs
